Archive member included to satisfy reference by file (symbol)

c:/msys64/mingw64/bin/../lib/gcc/arm-none-eabi/12.2.0/../../../../arm-none-eabi/lib/thumb/v7e-m+fp/hard\libm.a(libm_a-wf_asin.o)
                              build/Board_A_IMU.o (asinf)
c:/msys64/mingw64/bin/../lib/gcc/arm-none-eabi/12.2.0/../../../../arm-none-eabi/lib/thumb/v7e-m+fp/hard\libm.a(libm_a-wf_atan2.o)
                              build/Board_A_IMU.o (atan2f)
c:/msys64/mingw64/bin/../lib/gcc/arm-none-eabi/12.2.0/../../../../arm-none-eabi/lib/thumb/v7e-m+fp/hard\libm.a(libm_a-wf_pow.o)
                              build/FusionAhrs.o (powf)
c:/msys64/mingw64/bin/../lib/gcc/arm-none-eabi/12.2.0/../../../../arm-none-eabi/lib/thumb/v7e-m+fp/hard\libm.a(libm_a-wf_sqrt.o)
                              build/FusionAhrs.o (sqrtf)
c:/msys64/mingw64/bin/../lib/gcc/arm-none-eabi/12.2.0/../../../../arm-none-eabi/lib/thumb/v7e-m+fp/hard\libm.a(libm_a-sf_cos.o)
                              build/FusionAhrs.o (cosf)
c:/msys64/mingw64/bin/../lib/gcc/arm-none-eabi/12.2.0/../../../../arm-none-eabi/lib/thumb/v7e-m+fp/hard\libm.a(libm_a-sf_fabs.o)
                              c:/msys64/mingw64/bin/../lib/gcc/arm-none-eabi/12.2.0/../../../../arm-none-eabi/lib/thumb/v7e-m+fp/hard\libm.a(libm_a-wf_asin.o) (fabsf)
c:/msys64/mingw64/bin/../lib/gcc/arm-none-eabi/12.2.0/../../../../arm-none-eabi/lib/thumb/v7e-m+fp/hard\libm.a(libm_a-sf_sin.o)
                              build/FusionAhrs.o (sinf)
c:/msys64/mingw64/bin/../lib/gcc/arm-none-eabi/12.2.0/../../../../arm-none-eabi/lib/thumb/v7e-m+fp/hard\libm.a(libm_a-sf_finite.o)
                              c:/msys64/mingw64/bin/../lib/gcc/arm-none-eabi/12.2.0/../../../../arm-none-eabi/lib/thumb/v7e-m+fp/hard\libm.a(libm_a-wf_pow.o) (finitef)
c:/msys64/mingw64/bin/../lib/gcc/arm-none-eabi/12.2.0/../../../../arm-none-eabi/lib/thumb/v7e-m+fp/hard\libm.a(libm_a-sf_nan.o)
                              c:/msys64/mingw64/bin/../lib/gcc/arm-none-eabi/12.2.0/../../../../arm-none-eabi/lib/thumb/v7e-m+fp/hard\libm.a(libm_a-wf_asin.o) (nanf)
c:/msys64/mingw64/bin/../lib/gcc/arm-none-eabi/12.2.0/../../../../arm-none-eabi/lib/thumb/v7e-m+fp/hard\libm.a(libm_a-ef_sqrt.o)
                              c:/msys64/mingw64/bin/../lib/gcc/arm-none-eabi/12.2.0/../../../../arm-none-eabi/lib/thumb/v7e-m+fp/hard\libm.a(libm_a-wf_sqrt.o) (__ieee754_sqrtf)
c:/msys64/mingw64/bin/../lib/gcc/arm-none-eabi/12.2.0/../../../../arm-none-eabi/lib/thumb/v7e-m+fp/hard\libm.a(libm_a-kf_cos.o)
                              c:/msys64/mingw64/bin/../lib/gcc/arm-none-eabi/12.2.0/../../../../arm-none-eabi/lib/thumb/v7e-m+fp/hard\libm.a(libm_a-sf_cos.o) (__kernel_cosf)
c:/msys64/mingw64/bin/../lib/gcc/arm-none-eabi/12.2.0/../../../../arm-none-eabi/lib/thumb/v7e-m+fp/hard\libm.a(libm_a-kf_sin.o)
                              c:/msys64/mingw64/bin/../lib/gcc/arm-none-eabi/12.2.0/../../../../arm-none-eabi/lib/thumb/v7e-m+fp/hard\libm.a(libm_a-sf_cos.o) (__kernel_sinf)
c:/msys64/mingw64/bin/../lib/gcc/arm-none-eabi/12.2.0/../../../../arm-none-eabi/lib/thumb/v7e-m+fp/hard\libm.a(libm_a-ef_asin.o)
                              c:/msys64/mingw64/bin/../lib/gcc/arm-none-eabi/12.2.0/../../../../arm-none-eabi/lib/thumb/v7e-m+fp/hard\libm.a(libm_a-wf_asin.o) (__ieee754_asinf)
c:/msys64/mingw64/bin/../lib/gcc/arm-none-eabi/12.2.0/../../../../arm-none-eabi/lib/thumb/v7e-m+fp/hard\libm.a(libm_a-ef_atan2.o)
                              c:/msys64/mingw64/bin/../lib/gcc/arm-none-eabi/12.2.0/../../../../arm-none-eabi/lib/thumb/v7e-m+fp/hard\libm.a(libm_a-wf_atan2.o) (__ieee754_atan2f)
c:/msys64/mingw64/bin/../lib/gcc/arm-none-eabi/12.2.0/../../../../arm-none-eabi/lib/thumb/v7e-m+fp/hard\libm.a(libm_a-ef_pow.o)
                              c:/msys64/mingw64/bin/../lib/gcc/arm-none-eabi/12.2.0/../../../../arm-none-eabi/lib/thumb/v7e-m+fp/hard\libm.a(libm_a-wf_pow.o) (__ieee754_powf)
c:/msys64/mingw64/bin/../lib/gcc/arm-none-eabi/12.2.0/../../../../arm-none-eabi/lib/thumb/v7e-m+fp/hard\libm.a(libm_a-ef_rem_pio2.o)
                              c:/msys64/mingw64/bin/../lib/gcc/arm-none-eabi/12.2.0/../../../../arm-none-eabi/lib/thumb/v7e-m+fp/hard\libm.a(libm_a-sf_cos.o) (__ieee754_rem_pio2f)
c:/msys64/mingw64/bin/../lib/gcc/arm-none-eabi/12.2.0/../../../../arm-none-eabi/lib/thumb/v7e-m+fp/hard\libm.a(libm_a-sf_atan.o)
                              c:/msys64/mingw64/bin/../lib/gcc/arm-none-eabi/12.2.0/../../../../arm-none-eabi/lib/thumb/v7e-m+fp/hard\libm.a(libm_a-ef_atan2.o) (atanf)
c:/msys64/mingw64/bin/../lib/gcc/arm-none-eabi/12.2.0/../../../../arm-none-eabi/lib/thumb/v7e-m+fp/hard\libm.a(libm_a-sf_scalbn.o)
                              c:/msys64/mingw64/bin/../lib/gcc/arm-none-eabi/12.2.0/../../../../arm-none-eabi/lib/thumb/v7e-m+fp/hard\libm.a(libm_a-ef_pow.o) (scalbnf)
c:/msys64/mingw64/bin/../lib/gcc/arm-none-eabi/12.2.0/../../../../arm-none-eabi/lib/thumb/v7e-m+fp/hard\libm.a(libm_a-math_errf.o)
[...]
Memory Configuration

Name             Origin             Length             Attributes
RAM              0x20000000         0x00030000         xrw
CCMRAM           0x10000000         0x00010000         xrw
FLASH            0x08000000         0x00200000         xr
*default*        0x00000000         0xffffffff

Linker script and memory map

LOAD c:/msys64/mingw64/bin/../lib/gcc/arm-none-eabi/12.2.0/thumb/v7e-m+fp/hard/crti.o
LOAD c:/msys64/mingw64/bin/../lib/gcc/arm-none-eabi/12.2.0/thumb/v7e-m+fp/hard/crtbegin.o
LOAD c:/msys64/mingw64/bin/../lib/gcc/arm-none-eabi/12.2.0/../../../../arm-none-eabi/lib/thumb/v7e-m+fp/hard/crt0.o
LOAD build/main.o
LOAD build/gpio.o
LOAD build/freertos.o
LOAD build/can.o
LOAD build/dma.o
LOAD build/i2c.o
LOAD build/spi.o
LOAD build/tim.o
LOAD build/usart.o
LOAD build/stm32f4xx_it.o
LOAD build/stm32f4xx_hal_msp.o
LOAD build/stm32f4xx_hal_timebase_tim.o
LOAD build/syscalls.o
LOAD build/stm32f4xx_hal_can.o
LOAD build/stm32f4xx_hal_rcc.o
LOAD build/stm32f4xx_hal_rcc_ex.o
LOAD build/stm32f4xx_hal_flash.o
LOAD build/stm32f4xx_hal_flash_ex.o
LOAD build/stm32f4xx_hal_flash_ramfunc.o
LOAD build/stm32f4xx_hal_gpio.o
LOAD build/stm32f4xx_hal_dma_ex.o
LOAD build/stm32f4xx_hal_dma.o
LOAD build/stm32f4xx_hal_pwr.o
LOAD build/stm32f4xx_hal_pwr_ex.o
LOAD build/stm32f4xx_hal_cortex.o
LOAD build/stm32f4xx_hal.o
LOAD build/stm32f4xx_hal_exti.o
LOAD build/stm32f4xx_hal_i2c.o
LOAD build/stm32f4xx_hal_i2c_ex.o
LOAD build/stm32f4xx_hal_spi.o
LOAD build/stm32f4xx_hal_tim.o
LOAD build/stm32f4xx_hal_tim_ex.o
LOAD build/stm32f4xx_hal_uart.o
LOAD build/system_stm32f4xx.o
LOAD build/croutine.o
LOAD build/event_groups.o
LOAD build/list.o
LOAD build/queue.o
LOAD build/stream_buffer.o
LOAD build/tasks.o
LOAD build/timers.o
LOAD build/cmsis_os.o
LOAD build/heap_4.o
LOAD build/port.o
LOAD build/Board_A_IMU.o
LOAD build/Buzzer.o
LOAD build/Control_Board_A.o
LOAD build/DR16_Remote.o
LOAD build/GM6020_Motor.o
LOAD build/Jetson_Tx2.o
LOAD build/M2006_Motor.o
LOAD build/M3508_Motor.o
LOAD build/MF9025_Motor.o
LOAD build/MPU6050_IMU.o
LOAD build/Referee_System.o
LOAD build/Super_Capacitor.o
LOAD build/Control_Strategy.o
LOAD build/PID.o
LOAD build/Ramp_Calc.o
LOAD build/User_Defined_Math.o
LOAD build/Chassis_Control.o
LOAD build/Gimbal_Control.o
LOAD build/IMU_Temp_Control.o
LOAD build/Robot_Control.o
LOAD build/Shooting_Control.o
LOAD build/User_Interface.o
LOAD build/State_Machine.o
LOAD build/CAN_Setup.o
LOAD build/CRC_Verification.o
LOAD build/FusionAhrs.o
LOAD build/FusionCompass.o
LOAD build/FusionOffset.o
LOAD build/I2C_Setup.o
LOAD build/startup_stm32f427xx.o
LOAD build/mpc.o
LOAD c:/msys64/mingw64/bin/../lib/gcc/arm-none-eabi/12.2.0/../../../../arm-none-eabi/lib/thumb/v7e-m+fp/hard\libnosys.a
LOAD c:/msys64/mingw64/bin/../lib/gcc/arm-none-eabi/12.2.0/../../../../arm-none-eabi/lib/thumb/v7e-m+fp/hard\libstdc++_nano.a
LOAD c:/msys64/mingw64/bin/../lib/gcc/arm-none-eabi/12.2.0/../../../../arm-none-eabi/lib/thumb/v7e-m+fp/hard\libm.a
LOAD c:/msys64/mingw64/bin/../lib/gcc/arm-none-eabi/12.2.0/../../../../arm-none-eabi/lib/thumb/v7e-m+fp/hard\libc_nano.a
START GROUP
LOAD c:/msys64/mingw64/bin/../lib/gcc/arm-none-eabi/12.2.0/thumb/v7e-m+fp/hard\libgcc.a
LOAD c:/msys64/mingw64/bin/../lib/gcc/arm-none-eabi/12.2.0/../../../../arm-none-eabi/lib/thumb/v7e-m+fp/hard\libc_nano.a
END GROUP
START GROUP
LOAD c:/msys64/mingw64/bin/../lib/gcc/arm-none-eabi/12.2.0/thumb/v7e-m+fp/hard\libgcc.a
LOAD c:/msys64/mingw64/bin/../lib/gcc/arm-none-eabi/12.2.0/../../../../arm-none-eabi/lib/thumb/v7e-m+fp/hard\libc_nano.a
END GROUP
LOAD c:/msys64/mingw64/bin/../lib/gcc/arm-none-eabi/12.2.0/thumb/v7e-m+fp/hard/crtend.o
LOAD c:/msys64/mingw64/bin/../lib/gcc/arm-none-eabi/12.2.0/thumb/v7e-m+fp/hard/crtn.o
                0x20030000                        _estack = (ORIGIN (RAM) + LENGTH (RAM))
                0x00000200                        _Min_Heap_Size = 0x200
                0x00000400                        _Min_Stack_Size = 0x400

.isr_vector     0x08000000      0x1ac
                0x08000000                        . = ALIGN (0x4)
 *(.isr_vector)
 .isr_vector    0x08000000      0x1ac build/startup_stm32f427xx.o
                0x08000000                g_pfnVectors
                0x080001ac                        . = ALIGN (0x4)

.text           0x080001b0     0xe89c
                0x080001b0                        . = ALIGN (0x4)
 *(.text)
 .text          0x080001b0       0x58 c:/msys64/mingw64/bin/../lib/gcc/arm-none-eabi/12.2.0/../../../../arm-none-eabi/lib/thumb/v7e-m+fp/hard\libm.a(libm_a-wf_asin.o)
                0x080001b0                asinf
 .text          0x08000208        0x4 c:/msys64/mingw64/bin/../lib/gcc/arm-none-eabi/12.2.0/../../../../arm-none-eabi/lib/thumb/v7e-m+fp/hard\libm.a(libm_a-wf_atan2.o)
                0x08000208                atan2f
 .text          0x0800020c       0xbc c:/msys64/mingw64/bin/../lib/gcc/arm-none-eabi/12.2.0/../../../../arm-none-eabi/lib/thumb/v7e-m+fp/hard\libm.a(libm_a-wf_pow.o)
                0x0800020c                powf
 .text          0x080002c8       0x70 c:/msys64/mingw64/bin/../lib/gcc/arm-none-eabi/12.2.0/../../../../arm-none-eabi/lib/thumb/v7e-m+fp/hard\libm.a(libm_a-sf_cos.o)
                0x080002c8                cosf
 .text          0x08000338       0x10 c:/msys64/mingw64/bin/../lib/gcc/arm-none-eabi/12.2.0/../../../../arm-none-eabi/lib/thumb/v7e-m+fp/hard\libm.a(libm_a-sf_fabs.o)
                0x08000338                fabsf
 .text          0x08000348       0x74 c:/msys64/mingw64/bin/../lib/gcc/arm-none-eabi/12.2.0/../../../../arm-none-eabi/lib/thumb/v7e-m+fp/hard\libm.a(libm_a-sf_sin.o)
                0x08000348                sinf
 .text          0x080003bc       0x14 c:/msys64/mingw64/bin/../lib/gcc/arm-none-eabi/12.2.0/../../../../arm-none-eabi/lib/thumb/v7e-m+fp/hard\libm.a(libm_a-sf_finite.o)
                0x080003bc                finitef
 .text          0x080003d0        0xc c:/msys64/mingw64/bin/../lib/gcc/arm-none-eabi/12.2.0/../../../../arm-none-eabi/lib/thumb/v7e-m+fp/hard\libm.a(libm_a-sf_nan.o)
                0x080003d0                nanf
 .text          0x080003dc        0x8 c:/msys64/mingw64/bin/../lib/gcc/arm-none-eabi/12.2.0/../../../../arm-none-eabi/lib/thumb/v7e-m+fp/hard\libm.a(libm_a-ef_sqrt.o)
                0x080003dc                __ieee754_sqrtf
 .text          0x080003e4      0x104 c:/msys64/mingw64/bin/../lib/gcc/arm-none-eabi/12.2.0/../../../../arm-none-eabi/lib/thumb/v7e-m+fp/hard\libm.a(libm_a-kf_cos.o)
                0x080003e4                __kernel_cosf
 .text          0x080004e8       0x90 c:/msys64/mingw64/bin/../lib/gcc/arm-none-eabi/12.2.0/../../../../arm-none-eabi/lib/thumb/v7e-m+fp/hard\libm.a(libm_a-kf_sin.o)
                0x080004e8                __kernel_sinf
 .text          0x08000578      0x1fc c:/msys64/mingw64/bin/../lib/gcc/arm-none-eabi/12.2.0/../../../../arm-none-eabi/lib/thumb/v7e-m+fp/hard\libm.a(libm_a-ef_asin.o)
                0x08000578                __ieee754_asinf
 .text          0x08000774      0x14c c:/msys64/mingw64/bin/../lib/gcc/arm-none-eabi/12.2.0/../../../../arm-none-eabi/lib/thumb/v7e-m+fp/hard\libm.a(libm_a-ef_atan2.o)
                0x08000774                __ieee754_atan2f
 .text          0x080008c0      0x68c c:/msys64/mingw64/bin/../lib/gcc/arm-none-eabi/12.2.0/../../../../arm-none-eabi/lib/thumb/v7e-m+fp/hard\libm.a(libm_a-ef_pow.o)
                0x080008c0                __ieee754_powf
 .text          0x08000f4c      0x260 c:/msys64/mingw64/bin/../lib/gcc/arm-none-eabi/12.2.0/../../../../arm-none-eabi/lib/thumb/v7e-m+fp/hard\libm.a(libm_a-ef_rem_pio2.o)
                0x08000f4c                __ieee754_rem_pio2f
 .text          0x080011ac      0x1a0 c:/msys64/mingw64/bin/../lib/gcc/arm-none-eabi/12.2.0/../../../../arm-none-eabi/lib/thumb/v7e-m+fp/hard\libm.a(libm_a-sf_atan.o)
                0x080011ac                atanf
 .text          0x0800134c       0xe4 c:/msys64/mingw64/bin/../lib/gcc/arm-none-eabi/12.2.0/../../../../arm-none-eabi/lib/thumb/v7e-m+fp/hard\libm.a(libm_a-sf_scalbn.o)
                0x0800134c                scalbnf
 .text          0x08001430       0x8c c:/msys64/mingw64/bin/../lib/gcc/arm-none-eabi/12.2.0/../../../../arm-none-eabi/lib/thumb/v7e-m+fp/hard\libm.a(libm_a-math_errf.o)
                0x08001468                __math_uflowf
                0x08001474                __math_oflowf
                0x08001480                __math_divzerof
                0x080014a0                __math_invalidf
 .text          0x080014bc      0x678 c:/msys64/mingw64/bin/../lib/gcc/arm-none-eabi/12.2.0/../../../../arm-none-eabi/lib/thumb/v7e-m+fp/hard\libm.a(libm_a-kf_rem_pio2.o)
                0x080014bc                __kernel_rem_pio2f
 .text          0x08001b34       0x94 c:/msys64/mingw64/bin/../lib/gcc/arm-none-eabi/12.2.0/../../../../arm-none-eabi/lib/thumb/v7e-m+fp/hard\libm.a(libm_a-sf_floor.o)
                0x08001b34                floorf
 .text          0x08001bc8      0x2dc c:/msys64/mingw64/bin/../lib/gcc/arm-none-eabi/12.2.0/../../../../arm-none-eabi/lib/thumb/v7e-m+fp/hard\libc_nano.a(libc_a-findfp.o)
                0x08001d44                __sfp
                0x08001e04                __sinit
                0x08001e44                __sfp_lock_acquire
                0x08001e50                __sfp_lock_release
                0x08001e5c                __fp_lock_all
                0x08001e80                __fp_unlock_all
 .text          0x08001ea4       0x48 c:/msys64/mingw64/bin/../lib/gcc/arm-none-eabi/12.2.0/../../../../arm-none-eabi/lib/thumb/v7e-m+fp/hard\libc_nano.a(libc_a-fwalk.o)
                0x08001ea4                _fwalk_sglue
 .text          0x08001eec       0x48 c:/msys64/mingw64/bin/../lib/gcc/arm-none-eabi/12.2.0/../../../../arm-none-eabi/lib/thumb/v7e-m+fp/hard\libc_nano.a(libc_a-printf.o)
                0x08001eec                _printf_r
                0x08001eec                _iprintf_r
                0x08001f0c                iprintf
                0x08001f0c                printf
 .text          0x08001f34       0x94 c:/msys64/mingw64/bin/../lib/gcc/arm-none-eabi/12.2.0/../../../../arm-none-eabi/lib/thumb/v7e-m+fp/hard\libc_nano.a(libc_a-stdio.o)
                0x08001f34                __sread
                0x08001f58                __seofread
                0x08001f5c                __swrite
                0x08001f9c                __sseek
                0x08001fc0                __sclose
 .text          0x08001fc8       0xa4 c:/msys64/mingw64/bin/../lib/gcc/arm-none-eabi/12.2.0/../../../../arm-none-eabi/lib/thumb/v7e-m+fp/hard\libc_nano.a(libc_a-memset.o)
                0x08001fc8                memset
 .text          0x0800206c       0x24 c:/msys64/mingw64/bin/../lib/gcc/arm-none-eabi/12.2.0/../../../../arm-none-eabi/lib/thumb/v7e-m+fp/hard\libc_nano.a(libc_a-closer.o)
                0x0800206c                _close_r
 .text          0x08002090       0x2c c:/msys64/mingw64/bin/../lib/gcc/arm-none-eabi/12.2.0/../../../../arm-none-eabi/lib/thumb/v7e-m+fp/hard\libc_nano.a(libc_a-lseekr.o)
                0x08002090                _lseek_r
 .text          0x080020bc       0x2c c:/msys64/mingw64/bin/../lib/gcc/arm-none-eabi/12.2.0/../../../../arm-none-eabi/lib/thumb/v7e-m+fp/hard\libc_nano.a(libc_a-readr.o)
                0x080020bc                _read_r
 .text          0x080020e8       0x2c c:/msys64/mingw64/bin/../lib/gcc/arm-none-eabi/12.2.0/../../../../arm-none-eabi/lib/thumb/v7e-m+fp/hard\libc_nano.a(libc_a-writer.o)
                0x080020e8                _write_r
 .text          0x08002114        0xc c:/msys64/mingw64/bin/../lib/gcc/arm-none-eabi/12.2.0/../../../../arm-none-eabi/lib/thumb/v7e-m+fp/hard\libc_nano.a(libc_a-errno.o)
                0x08002114                __errno
 .text          0x08002120       0x50 c:/msys64/mingw64/bin/../lib/gcc/arm-none-eabi/12.2.0/../../../../arm-none-eabi/lib/thumb/v7e-m+fp/hard\libc_nano.a(libc_a-init.o)
                0x08002120                __libc_init_array
 .text          0x08002170       0x28 c:/msys64/mingw64/bin/../lib/gcc/arm-none-eabi/12.2.0/../../../../arm-none-eabi/lib/thumb/v7e-m+fp/hard\libc_nano.a(libc_a-lock.o)
                0x08002170                __retarget_lock_init
                0x08002174                __retarget_lock_init_recursive
                0x08002178                __retarget_lock_close
                0x0800217c                __retarget_lock_close_recursive
                0x08002180                __retarget_lock_acquire
                0x08002184                __retarget_lock_acquire_recursive
                0x08002188                __retarget_lock_try_acquire
                0x0800218c                __retarget_lock_try_acquire_recursive
                0x08002190                __retarget_lock_release
                0x08002194                __retarget_lock_release_recursive
 .text          0x08002198      0x134 c:/msys64/mingw64/bin/../lib/gcc/arm-none-eabi/12.2.0/../../../../arm-none-eabi/lib/thumb/v7e-m+fp/hard\libc_nano.a(libc_a-memcpy.o)
                0x08002198                memcpy
 .text          0x080022cc       0xbc c:/msys64/mingw64/bin/../lib/gcc/arm-none-eabi/12.2.0/../../../../arm-none-eabi/lib/thumb/v7e-m+fp/hard\libc_nano.a(libc_a-freer.o)
                0x080022cc                _free_r
 .text          0x08002388      0x140 c:/msys64/mingw64/bin/../lib/gcc/arm-none-eabi/12.2.0/../../../../arm-none-eabi/lib/thumb/v7e-m+fp/hard\libc_nano.a(libc_a-mallocr.o)
                0x080023d0                _malloc_r
 .text          0x080024c8       0x18 c:/msys64/mingw64/bin/../lib/gcc/arm-none-eabi/12.2.0/../../../../arm-none-eabi/lib/thumb/v7e-m+fp/hard\libc_nano.a(libc_a-mlock.o)
                0x080024c8                __malloc_lock
                0x080024d4                __malloc_unlock
 .text          0x080024e0      0x368 c:/msys64/mingw64/bin/../lib/gcc/arm-none-eabi/12.2.0/../../../../arm-none-eabi/lib/thumb/v7e-m+fp/hard\libc_nano.a(libc_a-nano-vfprintf.o)
                0x0800251c                __sfputs_r
                0x0800254c                __sprint_r
                0x0800256c                _vfiprintf_r
                0x0800256c                _vfprintf_r
                0x0800282c                vfprintf
                0x0800282c                vfiprintf
 .text          0x08002848      0x3a4 c:/msys64/mingw64/bin/../lib/gcc/arm-none-eabi/12.2.0/../../../../arm-none-eabi/lib/thumb/v7e-m+fp/hard\libc_nano.a(libc_a-nano-vfprintf_i.o)
                0x08002848                _printf_common
                0x0800296c                _printf_i
 .text          0x08002bec      0x1a0 c:/msys64/mingw64/bin/../lib/gcc/arm-none-eabi/12.2.0/../../../../arm-none-eabi/lib/thumb/v7e-m+fp/hard\libc_nano.a(libc_a-fflush.o)
                0x08002bec                __sflush_r
                0x08002d0c                _fflush_r
                0x08002d64                fflush
 .text          0x08002d8c      0x300 c:/msys64/mingw64/bin/../lib/gcc/arm-none-eabi/12.2.0/../../../../arm-none-eabi/lib/thumb/v7e-m+fp/hard\libc_nano.a(libc_a-fvwrite.o)
                0x08002d8c                __sfvwrite_r
 .text          0x0800308c       0xa0 c:/msys64/mingw64/bin/../lib/gcc/arm-none-eabi/12.2.0/../../../../arm-none-eabi/lib/thumb/v7e-m+fp/hard\libc_nano.a(libc_a-wbuf.o)
                0x0800308c                __swbuf_r
                0x08003114                __swbuf
 .text          0x0800312c       0xc0 c:/msys64/mingw64/bin/../lib/gcc/arm-none-eabi/12.2.0/../../../../arm-none-eabi/lib/thumb/v7e-m+fp/hard\libc_nano.a(libc_a-wsetup.o)
                0x0800312c                __swsetup_r
 .text          0x080031ec      0x100 c:/msys64/mingw64/bin/../lib/gcc/arm-none-eabi/12.2.0/../../../../arm-none-eabi/lib/thumb/v7e-m+fp/hard\libc_nano.a(libc_a-memmove.o)
                0x080031ec                memmove
 .text          0x080032ec       0x24 c:/msys64/mingw64/bin/../lib/gcc/arm-none-eabi/12.2.0/../../../../arm-none-eabi/lib/thumb/v7e-m+fp/hard\libc_nano.a(libc_a-sbrkr.o)
                0x080032ec                _sbrk_r
 .text          0x08003310       0xa0 c:/msys64/mingw64/bin/../lib/gcc/arm-none-eabi/12.2.0/../../../../arm-none-eabi/lib/thumb/v7e-m+fp/hard\libc_nano.a(libc_a-memchr.o)
                0x08003310                memchr
 .text          0x080033b0       0x68 c:/msys64/mingw64/bin/../lib/gcc/arm-none-eabi/12.2.0/../../../../arm-none-eabi/lib/thumb/v7e-m+fp/hard\libc_nano.a(libc_a-reallocr.o)
                0x080033b0                _realloc_r
 .text          0x08003418      0x114 c:/msys64/mingw64/bin/../lib/gcc/arm-none-eabi/12.2.0/../../../../arm-none-eabi/lib/thumb/v7e-m+fp/hard\libc_nano.a(libc_a-makebuf.o)
                0x08003418                __smakebuf_r
                0x080034dc                __swhatbuf_r
 .text          0x0800352c       0x2c c:/msys64/mingw64/bin/../lib/gcc/arm-none-eabi/12.2.0/../../../../arm-none-eabi/lib/thumb/v7e-m+fp/hard\libc_nano.a(libc_a-fstatr.o)
                0x0800352c                _fstat_r
 .text          0x08003558       0x24 c:/msys64/mingw64/bin/../lib/gcc/arm-none-eabi/12.2.0/../../../../arm-none-eabi/lib/thumb/v7e-m+fp/hard\libc_nano.a(libc_a-isattyr.o)
                0x08003558                _isatty_r
 .text          0x0800357c       0x10 c:/msys64/mingw64/bin/../lib/gcc/arm-none-eabi/12.2.0/../../../../arm-none-eabi/lib/thumb/v7e-m+fp/hard\libc_nano.a(libc_a-msizer.o)
                0x0800357c                _malloc_usable_size_r
 .text          0x0800358c      0x378 c:/msys64/mingw64/bin/../lib/gcc/arm-none-eabi/12.2.0/thumb/v7e-m+fp/hard\libgcc.a(_arm_addsubdf3.o)
                0x0800358c                __aeabi_drsub
                0x08003594                __aeabi_dsub
                0x08003594                __subdf3
                0x08003598                __aeabi_dadd
                0x08003598                __adddf3
                0x08003810                __floatunsidf
                0x08003810                __aeabi_ui2d
                0x08003830                __floatsidf
                0x08003830                __aeabi_i2d
                0x08003854                __aeabi_f2d
                0x08003854                __extendsfdf2
                0x08003898                __floatundidf
                0x08003898                __aeabi_ul2d
                0x080038a8                __floatdidf
                0x080038a8                __aeabi_l2d
 .text          0x08003904       0x30 c:/msys64/mingw64/bin/../lib/gcc/arm-none-eabi/12.2.0/thumb/v7e-m+fp/hard\libgcc.a(_aeabi_uldivmod.o)
                0x08003904                __aeabi_uldivmod
 .text          0x08003934        0x4 c:/msys64/mingw64/bin/../lib/gcc/arm-none-eabi/12.2.0/thumb/v7e-m+fp/hard\libgcc.a(_dvmd_tls.o)
                0x08003934                __aeabi_idiv0
                0x08003934                __aeabi_ldiv0
 *(.text*)
 .text.__do_global_dtors_aux
                0x08003938       0x24 c:/msys64/mingw64/bin/../lib/gcc/arm-none-eabi/12.2.0/thumb/v7e-m+fp/hard/crtbegin.o
 .text.frame_dummy
                0x0800395c       0x1c c:/msys64/mingw64/bin/../lib/gcc/arm-none-eabi/12.2.0/thumb/v7e-m+fp/hard/crtbegin.o
 .text.HAL_TIM_PeriodElapsedCallback
                0x08003978       0x18 build/main.o
                0x08003978                HAL_TIM_PeriodElapsedCallback
 .text.Error_Handler
                0x08003990        0x4 build/main.o
                0x08003990                Error_Handler
 .text.SystemClock_Config
                0x08003994       0xa8 build/main.o
                0x08003994                SystemClock_Config
 .text.main     0x08003a3c       0x48 build/main.o
                0x08003a3c                main
 .text.MX_GPIO_Init
                0x08003a84       0xcc build/gpio.o
                0x08003a84                MX_GPIO_Init
 .text.IMU_Tasks
                0x08003b50       0x48 build/freertos.o
                0x08003b50                IMU_Tasks
 .text.Robot_Control_All
                0x08003b98       0x20 build/freertos.o
                0x08003b98                Robot_Control_All
 .text.General_Initialization
                0x08003bb8       0xc0 build/freertos.o
                0x08003bb8                General_Initialization
 .text.CAN1_Rec
                0x08003c78       0xd8 build/freertos.o
                0x08003c78                CAN1_Rec
 .text.CAN2_Rec
                0x08003d50       0x80 build/freertos.o
                0x08003d50                CAN2_Rec
 .text.CAN_Send_All
                0x08003dd0       0x24 build/freertos.o
                0x08003dd0                CAN_Send_All
 .text.UI_Draw  0x08003df4       0xf0 build/freertos.o
                0x08003df4                UI_Draw
 .text.Serial_Send
                0x08003ee4       0x40 build/freertos.o
                0x08003ee4                Serial_Send
 .text.vApplicationGetIdleTaskMemory
                0x08003f24       0x18 build/freertos.o
                0x08003f24                vApplicationGetIdleTaskMemory
 .text.MX_FREERTOS_Init
                0x08003f3c      0x19c build/freertos.o
                0x08003f3c                MX_FREERTOS_Init
 .text.MX_CAN1_Init
                0x080040d8       0x44 build/can.o
                0x080040d8                MX_CAN1_Init
 .text.MX_CAN2_Init
                0x0800411c       0x44 build/can.o
                0x0800411c                MX_CAN2_Init
 .text.HAL_CAN_MspInit
                0x08004160      0x124 build/can.o
                0x08004160                HAL_CAN_MspInit
 .text.MX_DMA_Init
                0x08004284       0x88 build/dma.o
                0x08004284                MX_DMA_Init
 .text.MX_I2C2_Init
                0x0800430c       0x5c build/i2c.o
                0x0800430c                MX_I2C2_Init
 .text.HAL_I2C_MspInit
                0x08004368       0x70 build/i2c.o
                0x08004368                HAL_I2C_MspInit
 .text.MX_SPI5_Init
                0x080043d8       0x44 build/spi.o
                0x080043d8                MX_SPI5_Init
 .text.HAL_SPI_MspInit
                0x0800441c       0x70 build/spi.o
                0x0800441c                HAL_SPI_MspInit
 .text.HAL_TIM_Base_MspInit
                0x0800448c       0x54 build/tim.o
                0x0800448c                HAL_TIM_Base_MspInit
 .text.HAL_TIM_MspPostInit
                0x080044e0       0x94 build/tim.o
                0x080044e0                HAL_TIM_MspPostInit
 .text.MX_TIM3_Init
                0x08004574       0xb0 build/tim.o
                0x08004574                MX_TIM3_Init
 .text.MX_TIM12_Init
                0x08004624       0x90 build/tim.o
                0x08004624                MX_TIM12_Init
 .text.MX_UART4_Init
                0x080046b4       0x34 build/usart.o
                0x080046b4                MX_UART4_Init
 .text.MX_UART7_Init
                0x080046e8       0x34 build/usart.o
                0x080046e8                MX_UART7_Init
 .text.MX_UART8_Init
                0x0800471c       0x34 build/usart.o
                0x0800471c                MX_UART8_Init
 .text.MX_USART1_UART_Init
                0x08004750       0x38 build/usart.o
                0x08004750                MX_USART1_UART_Init
 .text.MX_USART6_UART_Init
                0x08004788       0x34 build/usart.o
                0x08004788                MX_USART6_UART_Init
 .text.HAL_UART_MspInit
                0x080047bc      0x344 build/usart.o
                0x080047bc                HAL_UART_MspInit
 .text.NMI_Handler
                0x08004b00        0x2 build/stm32f4xx_it.o
                0x08004b00                NMI_Handler
 .text.HardFault_Handler
                0x08004b02        0x2 build/stm32f4xx_it.o
                0x08004b02                HardFault_Handler
 .text.MemManage_Handler
                0x08004b04        0x2 build/stm32f4xx_it.o
                0x08004b04                MemManage_Handler
 .text.BusFault_Handler
                0x08004b06        0x2 build/stm32f4xx_it.o
                0x08004b06                BusFault_Handler
 .text.UsageFault_Handler
                0x08004b08        0x2 build/stm32f4xx_it.o
                0x08004b08                UsageFault_Handler
 .text.DebugMon_Handler
                0x08004b0a        0x2 build/stm32f4xx_it.o
                0x08004b0a                DebugMon_Handler
 .text.DMA1_Stream0_IRQHandler
                0x08004b0c       0x10 build/stm32f4xx_it.o
                0x08004b0c                DMA1_Stream0_IRQHandler
 .text.DMA1_Stream3_IRQHandler
                0x08004b1c        0x2 build/stm32f4xx_it.o
                0x08004b1c                DMA1_Stream3_IRQHandler
 *fill*         0x08004b1e        0x2 
 .text.DMA1_Stream6_IRQHandler
                0x08004b20       0x10 build/stm32f4xx_it.o
                0x08004b20                DMA1_Stream6_IRQHandler
 .text.CAN1_RX0_IRQHandler
                0x08004b30       0x2c build/stm32f4xx_it.o
                0x08004b30                CAN1_RX0_IRQHandler
 .text.USART1_IRQHandler
                0x08004b5c       0x40 build/stm32f4xx_it.o
                0x08004b5c                USART1_IRQHandler
 .text.TIM6_DAC_IRQHandler
                0x08004b9c       0x10 build/stm32f4xx_it.o
                0x08004b9c                TIM6_DAC_IRQHandler
 .text.DMA2_Stream1_IRQHandler
                0x08004bac        0x2 build/stm32f4xx_it.o
                0x08004bac                DMA2_Stream1_IRQHandler
 .text.DMA2_Stream2_IRQHandler
                0x08004bae        0x2 build/stm32f4xx_it.o
                0x08004bae                DMA2_Stream2_IRQHandler
 .text.CAN2_RX0_IRQHandler
                0x08004bb0       0x2c build/stm32f4xx_it.o
                0x08004bb0                CAN2_RX0_IRQHandler
 .text.USART6_IRQHandler
                0x08004bdc       0x40 build/stm32f4xx_it.o
                0x08004bdc                USART6_IRQHandler
 .text.UART7_IRQHandler
                0x08004c1c       0x40 build/stm32f4xx_it.o
                0x08004c1c                UART7_IRQHandler
 .text.HAL_MspInit
                0x08004c5c       0x44 build/stm32f4xx_hal_msp.o
                0x08004c5c                HAL_MspInit
 .text.HAL_InitTick
                0x08004ca0       0xa4 build/stm32f4xx_hal_timebase_tim.o
                0x08004ca0                HAL_InitTick
 .text._close   0x08004d44        0x6 build/syscalls.o
                0x08004d44                _close
 .text._fstat   0x08004d4a        0xa build/syscalls.o
                0x08004d4a                _fstat
 .text._isatty  0x08004d54        0x4 build/syscalls.o
                0x08004d54                _isatty
 .text._lseek   0x08004d58        0x4 build/syscalls.o
                0x08004d58                _lseek
 .text._read    0x08004d5c        0x4 build/syscalls.o
                0x08004d5c                _read
 .text._write   0x08004d60        0x4 build/syscalls.o
                0x08004d60                _write
 .text._sbrk    0x08004d64       0x24 build/syscalls.o
                0x08004d64                _sbrk
 .text.HAL_CAN_Init
                0x08004d88      0x14c build/stm32f4xx_hal_can.o
                0x08004d88                HAL_CAN_Init
 .text.HAL_CAN_ConfigFilter
                0x08004ed4      0x138 build/stm32f4xx_hal_can.o
                0x08004ed4                HAL_CAN_ConfigFilter
 .text.HAL_CAN_Start
                0x0800500c       0x5c build/stm32f4xx_hal_can.o
                0x0800500c                HAL_CAN_Start
 .text.HAL_CAN_AddTxMessage
                0x08005068       0xfc build/stm32f4xx_hal_can.o
                0x08005068                HAL_CAN_AddTxMessage
 .text.HAL_CAN_GetRxMessage
                0x08005164      0x14a build/stm32f4xx_hal_can.o
                0x08005164                HAL_CAN_GetRxMessage
 *fill*         0x080052ae        0x2 
 .text.HAL_RCC_OscConfig
                0x080052b0      0x3f8 build/stm32f4xx_hal_rcc.o
                0x080052b0                HAL_RCC_OscConfig
 .text.HAL_RCC_GetSysClockFreq
                0x080056a8       0xa8 build/stm32f4xx_hal_rcc.o
                0x080056a8                HAL_RCC_GetSysClockFreq
 .text.HAL_RCC_ClockConfig
                0x08005750      0x160 build/stm32f4xx_hal_rcc.o
                0x08005750                HAL_RCC_ClockConfig
 .text.HAL_RCC_GetHCLKFreq
                0x080058b0        0xc build/stm32f4xx_hal_rcc.o
                0x080058b0                HAL_RCC_GetHCLKFreq
 .text.HAL_RCC_GetPCLK1Freq
                0x080058bc       0x20 build/stm32f4xx_hal_rcc.o
                0x080058bc                HAL_RCC_GetPCLK1Freq
 .text.HAL_RCC_GetPCLK2Freq
                0x080058dc       0x20 build/stm32f4xx_hal_rcc.o
                0x080058dc                HAL_RCC_GetPCLK2Freq
 .text.HAL_RCC_GetClockConfig
                0x080058fc       0x3c build/stm32f4xx_hal_rcc.o
                0x080058fc                HAL_RCC_GetClockConfig
 .text.HAL_GPIO_Init
                0x08005938      0x208 build/stm32f4xx_hal_gpio.o
                0x08005938                HAL_GPIO_Init
 .text.HAL_GPIO_WritePin
                0x08005b40        0xc build/stm32f4xx_hal_gpio.o
                0x08005b40                HAL_GPIO_WritePin
 .text.DMA_SetConfig
                0x08005b4c       0x2c build/stm32f4xx_hal_dma.o
 .text.DMA_CalcBaseAndBitshift
                0x08005b78       0x44 build/stm32f4xx_hal_dma.o
 .text.DMA_CheckFifoParam
                0x08005bbc       0x8e build/stm32f4xx_hal_dma.o
 *fill*         0x08005c4a        0x2 
 .text.HAL_DMA_Init
                0x08005c4c       0xcc build/stm32f4xx_hal_dma.o
                0x08005c4c                HAL_DMA_Init
 .text.HAL_DMA_Start
                0x08005d18       0x48 build/stm32f4xx_hal_dma.o
                0x08005d18                HAL_DMA_Start
 .text.HAL_DMA_Start_IT
                0x08005d60       0x6a build/stm32f4xx_hal_dma.o
                0x08005d60                HAL_DMA_Start_IT
 *fill*         0x08005dca        0x2 
 .text.HAL_DMA_IRQHandler
                0x08005dcc      0x1dc build/stm32f4xx_hal_dma.o
                0x08005dcc                HAL_DMA_IRQHandler
 .text.__NVIC_SetPriority
                0x08005fa8       0x28 build/stm32f4xx_hal_cortex.o
 .text.NVIC_EncodePriority
                0x08005fd0       0x3e build/stm32f4xx_hal_cortex.o
 *fill*         0x0800600e        0x2 
 .text.HAL_NVIC_SetPriorityGrouping
                0x08006010       0x24 build/stm32f4xx_hal_cortex.o
                0x08006010                HAL_NVIC_SetPriorityGrouping
 .text.HAL_NVIC_SetPriority
                0x08006034       0x20 build/stm32f4xx_hal_cortex.o
                0x08006034                HAL_NVIC_SetPriority
 .text.HAL_NVIC_EnableIRQ
                0x08006054       0x1c build/stm32f4xx_hal_cortex.o
                0x08006054                HAL_NVIC_EnableIRQ
 .text.HAL_Init
                0x08006070       0x34 build/stm32f4xx_hal.o
                0x08006070                HAL_Init
 .text.HAL_IncTick
                0x080060a4       0x18 build/stm32f4xx_hal.o
                0x080060a4                HAL_IncTick
 .text.HAL_GetTick
                0x080060bc        0xc build/stm32f4xx_hal.o
                0x080060bc                HAL_GetTick
 .text.HAL_Delay
                0x080060c8       0x28 build/stm32f4xx_hal.o
                0x080060c8                HAL_Delay
 .text.HAL_I2C_Init
                0x080060f0      0x1bc build/stm32f4xx_hal_i2c.o
                0x080060f0                HAL_I2C_Init
 .text.HAL_I2CEx_ConfigAnalogFilter
                0x080062ac       0x44 build/stm32f4xx_hal_i2c_ex.o
                0x080062ac                HAL_I2CEx_ConfigAnalogFilter
 .text.HAL_I2CEx_ConfigDigitalFilter
                0x080062f0       0x42 build/stm32f4xx_hal_i2c_ex.o
                0x080062f0                HAL_I2CEx_ConfigDigitalFilter
 *fill*         0x08006332        0x2 
 .text.SPI_WaitFlagStateUntilTimeout
                0x08006334       0xc8 build/stm32f4xx_hal_spi.o
 .text.SPI_EndRxTxTransaction
                0x080063fc       0x68 build/stm32f4xx_hal_spi.o
 .text.HAL_SPI_Init
                0x08006464       0xbe build/stm32f4xx_hal_spi.o
                0x08006464                HAL_SPI_Init
 .text.HAL_SPI_TransmitReceive
                0x08006522      0x238 build/stm32f4xx_hal_spi.o
                0x08006522                HAL_SPI_TransmitReceive
 *fill*         0x0800675a        0x2 
 .text.TIM_OC1_SetConfig
                0x0800675c       0x70 build/stm32f4xx_hal_tim.o
 .text.TIM_OC3_SetConfig
                0x080067cc       0x70 build/stm32f4xx_hal_tim.o
 .text.TIM_OC4_SetConfig
                0x0800683c       0x50 build/stm32f4xx_hal_tim.o
 .text.TIM_TI1_ConfigInputStage
                0x0800688c       0x26 build/stm32f4xx_hal_tim.o
 .text.TIM_TI2_ConfigInputStage
                0x080068b2       0x28 build/stm32f4xx_hal_tim.o
 .text.TIM_ITRx_SetConfig
                0x080068da       0x10 build/stm32f4xx_hal_tim.o
 *fill*         0x080068ea        0x2 
 .text.HAL_TIM_Base_Start_IT
                0x080068ec       0x88 build/stm32f4xx_hal_tim.o
                0x080068ec                HAL_TIM_Base_Start_IT
 .text.HAL_TIM_PWM_MspInit
                0x08006974        0x2 build/stm32f4xx_hal_tim.o
                0x08006974                HAL_TIM_PWM_MspInit
 .text.HAL_TIM_OC_DelayElapsedCallback
                0x08006976        0x2 build/stm32f4xx_hal_tim.o
                0x08006976                HAL_TIM_OC_DelayElapsedCallback
 .text.HAL_TIM_IC_CaptureCallback
                0x08006978        0x2 build/stm32f4xx_hal_tim.o
                0x08006978                HAL_TIM_IC_CaptureCallback
 .text.HAL_TIM_PWM_PulseFinishedCallback
                0x0800697a        0x2 build/stm32f4xx_hal_tim.o
                0x0800697a                HAL_TIM_PWM_PulseFinishedCallback
 .text.HAL_TIM_TriggerCallback
                0x0800697c        0x2 build/stm32f4xx_hal_tim.o
                0x0800697c                HAL_TIM_TriggerCallback
 .text.HAL_TIM_IRQHandler
                0x0800697e      0x17a build/stm32f4xx_hal_tim.o
                0x0800697e                HAL_TIM_IRQHandler
 .text.TIM_Base_SetConfig
                0x08006af8       0xc8 build/stm32f4xx_hal_tim.o
                0x08006af8                TIM_Base_SetConfig
 .text.HAL_TIM_Base_Init
                0x08006bc0       0x58 build/stm32f4xx_hal_tim.o
                0x08006bc0                HAL_TIM_Base_Init
 .text.HAL_TIM_PWM_Init
                0x08006c18       0x58 build/stm32f4xx_hal_tim.o
                0x08006c18                HAL_TIM_PWM_Init
 .text.TIM_OC2_SetConfig
                0x08006c70       0x70 build/stm32f4xx_hal_tim.o
                0x08006c70                TIM_OC2_SetConfig
 .text.HAL_TIM_PWM_ConfigChannel
                0x08006ce0       0xdc build/stm32f4xx_hal_tim.o
                0x08006ce0                HAL_TIM_PWM_ConfigChannel
 .text.TIM_ETR_SetConfig
                0x08006dbc       0x1a build/stm32f4xx_hal_tim.o
                0x08006dbc                TIM_ETR_SetConfig
 .text.HAL_TIM_ConfigClockSource
                0x08006dd6       0xfe build/stm32f4xx_hal_tim.o
                0x08006dd6                HAL_TIM_ConfigClockSource
 .text.TIM_CCxChannelCmd
                0x08006ed4       0x1e build/stm32f4xx_hal_tim.o
                0x08006ed4                TIM_CCxChannelCmd
 *fill*         0x08006ef2        0x2 
 .text.HAL_TIM_PWM_Start
                0x08006ef4      0x104 build/stm32f4xx_hal_tim.o
                0x08006ef4                HAL_TIM_PWM_Start
 .text.HAL_TIMEx_MasterConfigSynchronization
                0x08006ff8       0x8c build/stm32f4xx_hal_tim_ex.o
                0x08006ff8                HAL_TIMEx_MasterConfigSynchronization
 .text.HAL_TIMEx_CommutCallback
                0x08007084        0x2 build/stm32f4xx_hal_tim_ex.o
                0x08007084                HAL_TIMEx_CommutCallback
 .text.HAL_TIMEx_BreakCallback
                0x08007086        0x2 build/stm32f4xx_hal_tim_ex.o
                0x08007086                HAL_TIMEx_BreakCallback
 .text.UART_EndTxTransfer
                0x08007088       0x20 build/stm32f4xx_hal_uart.o
 .text.UART_EndRxTransfer
                0x080070a8       0x5c build/stm32f4xx_hal_uart.o
 .text.UART_SetConfig
                0x08007104      0x110 build/stm32f4xx_hal_uart.o
 .text.UART_WaitOnFlagUntilTimeout
                0x08007214       0x84 build/stm32f4xx_hal_uart.o
 .text.HAL_UART_Init
                0x08007298       0x5e build/stm32f4xx_hal_uart.o
                0x08007298                HAL_UART_Init
 .text.HAL_UART_Transmit
                0x080072f6       0xd8 build/stm32f4xx_hal_uart.o
                0x080072f6                HAL_UART_Transmit
 *fill*         0x080073ce        0x2 
 .text.HAL_UART_Transmit_DMA
                0x080073d0       0x9c build/stm32f4xx_hal_uart.o
                0x080073d0                HAL_UART_Transmit_DMA
 .text.UART_DMATransmitCplt
                0x0800746c       0x4c build/stm32f4xx_hal_uart.o
 .text.HAL_UART_TxHalfCpltCallback
                0x080074b8        0x2 build/stm32f4xx_hal_uart.o
                0x080074b8                HAL_UART_TxHalfCpltCallback
 .text.UART_DMATxHalfCplt
                0x080074ba        0xa build/stm32f4xx_hal_uart.o
 .text.HAL_UART_RxHalfCpltCallback
                0x080074c4        0x2 build/stm32f4xx_hal_uart.o
                0x080074c4                HAL_UART_RxHalfCpltCallback
 .text.HAL_UART_ErrorCallback
                0x080074c6        0x2 build/stm32f4xx_hal_uart.o
                0x080074c6                HAL_UART_ErrorCallback
 .text.UART_DMAError
                0x080074c8       0x58 build/stm32f4xx_hal_uart.o
 .text.HAL_UARTEx_RxEventCallback
                0x08007520        0x2 build/stm32f4xx_hal_uart.o
                0x08007520                HAL_UARTEx_RxEventCallback
 .text.UART_DMARxHalfCplt
                0x08007522       0x1a build/stm32f4xx_hal_uart.o
 .text.UART_DMAReceiveCplt
                0x0800753c       0x96 build/stm32f4xx_hal_uart.o
 *fill*         0x080075d2        0x2 
 .text.UART_Start_Receive_DMA
                0x080075d4       0xa8 build/stm32f4xx_hal_uart.o
                0x080075d4                UART_Start_Receive_DMA
 .text.HAL_UART_Receive_DMA
                0x0800767c       0x38 build/stm32f4xx_hal_uart.o
                0x0800767c                HAL_UART_Receive_DMA
 .text.SystemInit
                0x080076b4       0x14 build/system_stm32f4xx.o
                0x080076b4                SystemInit
 .text.vListInitialise
                0x080076c8       0x16 build/list.o
                0x080076c8                vListInitialise
 .text.vListInitialiseItem
                0x080076de        0x6 build/list.o
                0x080076de                vListInitialiseItem
 .text.vListInsertEnd
                0x080076e4       0x16 build/list.o
                0x080076e4                vListInsertEnd
 .text.vListInsert
                0x080076fa       0x32 build/list.o
                0x080076fa                vListInsert
 .text.uxListRemove
                0x0800772c       0x26 build/list.o
                0x0800772c                uxListRemove
 .text.prvIsQueueFull
                0x08007752       0x1e build/queue.o
 .text.prvIsQueueEmpty
                0x08007770       0x1a build/queue.o
 .text.prvCopyDataToQueue
                0x0800778a       0x76 build/queue.o
 .text.prvCopyDataFromQueue
                0x08007800       0x24 build/queue.o
 .text.prvUnlockQueue
                0x08007824       0x6e build/queue.o
 .text.xQueueGenericReset
                0x08007892       0x84 build/queue.o
                0x08007892                xQueueGenericReset
 .text.prvInitialiseNewQueue
                0x08007916       0x1c build/queue.o
 .text.xQueueGenericCreateStatic
                0x08007932       0x94 build/queue.o
                0x08007932                xQueueGenericCreateStatic
 .text.xQueueGenericCreate
                0x080079c6       0x48 build/queue.o
                0x080079c6                xQueueGenericCreate
 .text.xQueueGenericSend
                0x08007a0e      0x188 build/queue.o
                0x08007a0e                xQueueGenericSend
 .text.xQueueGenericSendFromISR
                0x08007b96       0xce build/queue.o
                0x08007b96                xQueueGenericSendFromISR
 .text.xQueueReceive
                0x08007c64      0x15e build/queue.o
                0x08007c64                xQueueReceive
 *fill*         0x08007dc2        0x2 
 .text.prvResetNextTaskUnblockTime
                0x08007dc4       0x2c build/tasks.o
 .text.prvInitialiseNewTask
                0x08007df0       0x9c build/tasks.o
 .text.prvInitialiseTaskLists
                0x08007e8c       0x68 build/tasks.o
 .text.prvAddNewTaskToReadyList
                0x08007ef4       0xa8 build/tasks.o
 .text.prvDeleteTCB
                0x08007f9c       0x38 build/tasks.o
 .text.prvCheckTasksWaitingTermination
                0x08007fd4       0x4c build/tasks.o
 .text.prvIdleTask
                0x08008020       0x28 build/tasks.o
 .text.prvAddCurrentTaskToDelayedList
                0x08008048       0x98 build/tasks.o
 .text.xTaskCreateStatic
                0x080080e0       0x76 build/tasks.o
                0x080080e0                xTaskCreateStatic
 .text.xTaskCreate
                0x08008156       0x64 build/tasks.o
                0x08008156                xTaskCreate
 *fill*         0x080081ba        0x2 
 .text.vTaskDelete
                0x080081bc       0xe0 build/tasks.o
                0x080081bc                vTaskDelete
 .text.vTaskStartScheduler
                0x0800829c       0x74 build/tasks.o
                0x0800829c                vTaskStartScheduler
 .text.vTaskSuspendAll
                0x08008310       0x10 build/tasks.o
                0x08008310                vTaskSuspendAll
 .text.xTaskGetTickCount
                0x08008320        0xc build/tasks.o
                0x08008320                xTaskGetTickCount
 .text.xTaskIncrementTick
                0x0800832c      0x118 build/tasks.o
                0x0800832c                xTaskIncrementTick
 .text.xTaskResumeAll
                0x08008444       0xf8 build/tasks.o
                0x08008444                xTaskResumeAll
 .text.vTaskDelayUntil
                0x0800853c       0xa4 build/tasks.o
                0x0800853c                vTaskDelayUntil
 .text.vTaskDelay
                0x080085e0       0x4c build/tasks.o
                0x080085e0                vTaskDelay
 .text.vTaskSwitchContext
                0x0800862c       0x98 build/tasks.o
                0x0800862c                vTaskSwitchContext
 .text.vTaskPlaceOnEventList
                0x080086c4       0x30 build/tasks.o
                0x080086c4                vTaskPlaceOnEventList
 .text.xTaskRemoveFromEventList
                0x080086f4       0x8c build/tasks.o
                0x080086f4                xTaskRemoveFromEventList
 .text.vTaskInternalSetTimeOutState
                0x08008780       0x18 build/tasks.o
                0x08008780                vTaskInternalSetTimeOutState
 .text.xTaskCheckForTimeOut
                0x08008798       0x84 build/tasks.o
                0x08008798                xTaskCheckForTimeOut
 .text.vTaskMissedYield
                0x0800881c        0xc build/tasks.o
                0x0800881c                vTaskMissedYield
 .text.xTaskGetSchedulerState
                0x08008828       0x20 build/tasks.o
                0x08008828                xTaskGetSchedulerState
 .text.xTaskPriorityDisinherit
                0x08008848       0xb0 build/tasks.o
                0x08008848                xTaskPriorityDisinherit
 .text.makeFreeRtosPriority
                0x080088f8        0xc build/cmsis_os.o
 .text.osKernelStart
                0x08008904        0xa build/cmsis_os.o
                0x08008904                osKernelStart
 .text.osThreadCreate
                0x0800890e       0x66 build/cmsis_os.o
                0x0800890e                osThreadCreate
 .text.osDelay  0x08008974        0xe build/cmsis_os.o
                0x08008974                osDelay
 .text.osMessageCreate
                0x08008982       0x2a build/cmsis_os.o
                0x08008982                osMessageCreate
 .text.prvHeapInit
                0x080089ac       0x68 build/heap_4.o
 .text.prvInsertBlockIntoFreeList
                0x08008a14       0x64 build/heap_4.o
 .text.pvPortMalloc
                0x08008a78      0x104 build/heap_4.o
                0x08008a78                pvPortMalloc
 .text.vPortFree
                0x08008b7c       0x7c build/heap_4.o
                0x08008b7c                vPortFree
 .text.prvTaskExitError
                0x08008bf8       0x40 build/port.o
 .text.prvPortStartFirstTask
                0x08008c38       0x28 build/port.o
 .text.vPortEnableVFP
                0x08008c60       0x14 build/port.o
 .text.pxPortInitialiseStack
                0x08008c74       0x2c build/port.o
                0x08008c74                pxPortInitialiseStack
 .text.SVC_Handler
                0x08008ca0       0x24 build/port.o
                0x08008ca0                SVC_Handler
 .text.vPortEnterCritical
                0x08008cc4       0x44 build/port.o
                0x08008cc4                vPortEnterCritical
 .text.vPortExitCritical
                0x08008d08       0x2c build/port.o
                0x08008d08                vPortExitCritical
 *fill*         0x08008d34        0xc 
 .text.PendSV_Handler
                0x08008d40       0x64 build/port.o
                0x08008d40                PendSV_Handler
 .text.SysTick_Handler
                0x08008da4       0x2c build/port.o
                0x08008da4                SysTick_Handler
 .text.vPortSetupTimerInterrupt
                0x08008dd0       0x28 build/port.o
                0x08008dd0                vPortSetupTimerInterrupt
 .text.xPortStartScheduler
                0x08008df8      0x118 build/port.o
                0x08008df8                xPortStartScheduler
 .text.vPortValidateInterruptPriority
                0x08008f10       0x5c build/port.o
                0x08008f10                vPortValidateInterruptPriority
 .text.Board_A_IMU_Reset
                0x08008f6c        0xc build/Board_A_IMU.o
                0x08008f6c                Board_A_IMU_Reset
 .text.Board_A_IMU_Write_Byte
                0x08008f78       0x6c build/Board_A_IMU.o
 .text.IST8310_Write_Byte
                0x08008fe4       0x40 build/Board_A_IMU.o
 .text.Board_A_IMU_I2C_Config
                0x08009024       0x8c build/Board_A_IMU.o
 .text.Board_A_IMU_Read_Byte
                0x080090b0       0x68 build/Board_A_IMU.o
 .text.IST8310_Read_Byte
                0x08009118       0x38 build/Board_A_IMU.o
 .text.IST8310_Init
                0x08009150      0x104 build/Board_A_IMU.o
 .text.Board_A_IMU_Init
                0x08009254       0x78 build/Board_A_IMU.o
                0x08009254                Board_A_IMU_Init
 .text.Board_A_IMU_Read_Bytes
                0x080092cc       0x74 build/Board_A_IMU.o
 .text.Board_A_IMU_Read_Data
                0x08009340      0x1d4 build/Board_A_IMU.o
                0x08009340                Board_A_IMU_Read_Data
 .text.Board_A_IMU_Calibrate
                0x08009514       0xec build/Board_A_IMU.o
                0x08009514                Board_A_IMU_Calibrate
 .text.FusionAsin
                0x08009600       0x38 build/Board_A_IMU.o
 .text.FusionQuaternionToEuler
                0x08009638       0xbc build/Board_A_IMU.o
 .text.Board_A_IMU_Calc_Angle
                0x080096f4      0x114 build/Board_A_IMU.o
                0x080096f4                Board_A_IMU_Calc_Angle
 .text.Buzzer_Modules_Offline
                0x08009808        0x2 build/Buzzer.o
                0x08009808                Buzzer_Modules_Offline
 *fill*         0x0800980a        0x2 
 .text.Buzzer_Init
                0x0800980c       0x10 build/Buzzer.o
                0x0800980c                Buzzer_Init
 .text.Buzzer_On
                0x0800981c       0x1c build/Buzzer.o
                0x0800981c                Buzzer_On
 .text.Buzzer_Choose_Note
                0x08009838      0x250 build/Buzzer.o
                0x08009838                Buzzer_Choose_Note
 .text.Buzzer_Robot_Initializing
                0x08009a88       0xce build/Buzzer.o
                0x08009a88                Buzzer_Robot_Initializing
 .text.Buzzer_Robot_Is_Initialized
                0x08009b56       0x58 build/Buzzer.o
                0x08009b56                Buzzer_Robot_Is_Initialized
 *fill*         0x08009bae        0x2 
 .text.Board_A_Handler
                0x08009bb0       0x28 build/Control_Board_A.o
                0x08009bb0                Board_A_Handler
 .text.Board_A_Rec_Data
                0x08009bd8      0x114 build/Control_Board_A.o
                0x08009bd8                Board_A_Rec_Data
 .text.Board_A_Send_Data
                0x08009cec       0x54 build/Control_Board_A.o
                0x08009cec                Board_A_Send_Data
 .text.USART_Receive_DMA_NO_IT
                0x08009d40       0x42 build/Control_Board_A.o
 *fill*         0x08009d82        0x2 
 .text.Board_A_USART_Receive_DMA
                0x08009d84       0x38 build/Control_Board_A.o
                0x08009d84                Board_A_USART_Receive_DMA
 .text.Key_State_Detect
                0x08009dbc       0x24 build/DR16_Remote.o
                0x08009dbc                Key_State_Detect
 .text.Key_State_Clear
                0x08009de0        0xe build/DR16_Remote.o
                0x08009de0                Key_State_Clear
 *fill*         0x08009dee        0x2 
 .text.Keyboard_Data_Process
                0x08009df0      0x1c8 build/DR16_Remote.o
                0x08009df0                Keyboard_Data_Process
 .text.DR16_Data_Process
                0x08009fb8      0x138 build/DR16_Remote.o
                0x08009fb8                DR16_Data_Process
 .text.Check_DR16
                0x0800a0f0       0x20 build/DR16_Remote.o
                0x0800a0f0                Check_DR16
 .text.DR16_Handler
                0x0800a110       0x3c build/DR16_Remote.o
                0x0800a110                DR16_Handler
 .text.USART_Receive_DMA_NO_IT
                0x0800a14c       0x42 build/DR16_Remote.o
 *fill*         0x0800a18e        0x2 
 .text.DR16_USART_Receive_DMA
                0x0800a190       0x38 build/DR16_Remote.o
                0x0800a190                DR16_USART_Receive_DMA
 .text.GM6020_Yaw_Get_Data
                0x0800a1c8       0xa8 build/GM6020_Motor.o
                0x0800a1c8                GM6020_Yaw_Get_Data
 .text.GM6020_Pitch_Get_Data
                0x0800a270       0xa8 build/GM6020_Motor.o
                0x0800a270                GM6020_Pitch_Get_Data
 .text.GM6020_Gimbal_Send_Data
                0x0800a318       0x20 build/GM6020_Motor.o
                0x0800a318                GM6020_Gimbal_Send_Data
 .text.Check_GM6020_Yaw
                0x0800a338       0x20 build/GM6020_Motor.o
                0x0800a338                Check_GM6020_Yaw
 .text.Check_GM6020_Pitch
                0x0800a358       0x20 build/GM6020_Motor.o
                0x0800a358                Check_GM6020_Pitch
 .text.Jetson_Tx2_Initialization
                0x0800a378       0x28 build/Jetson_Tx2.o
                0x0800a378                Jetson_Tx2_Initialization
 .text.Jetson_Tx2_Get_Data
                0x0800a3a0       0xd4 build/Jetson_Tx2.o
                0x0800a3a0                Jetson_Tx2_Get_Data
 .text.Jetson_Tx2_Send_Data
                0x0800a474       0xa8 build/Jetson_Tx2.o
                0x0800a474                Jetson_Tx2_Send_Data
 .text.HAL_UART_RxCpltCallback
                0x0800a51c       0x18 build/Jetson_Tx2.o
                0x0800a51c                HAL_UART_RxCpltCallback
 .text.HAL_UART_TxCpltCallback
                0x0800a534       0x18 build/Jetson_Tx2.o
                0x0800a534                HAL_UART_TxCpltCallback
 .text.M2006_Trigger_Get_Data
                0x0800a54c       0x70 build/M2006_Motor.o
                0x0800a54c                M2006_Trigger_Get_Data
 .text.M2006_Trigger_Send_Data
                0x0800a5bc       0x20 build/M2006_Motor.o
                0x0800a5bc                M2006_Trigger_Send_Data
 .text.Check_M2006_Trigger
                0x0800a5dc       0x20 build/M2006_Motor.o
                0x0800a5dc                Check_M2006_Trigger
 .text.M3508_Chassis_Get_Data
                0x0800a5fc       0xd0 build/M3508_Motor.o
                0x0800a5fc                M3508_Chassis_Get_Data
 .text.M3508_Chassis_Send_Data
                0x0800a6cc       0x20 build/M3508_Motor.o
                0x0800a6cc                M3508_Chassis_Send_Data
 .text.M3508_Fric_Wheel_Get_Data
                0x0800a6ec       0x94 build/M3508_Motor.o
                0x0800a6ec                M3508_Fric_Wheel_Get_Data
 .text.M3508_Fric_Wheel_Send_Data
                0x0800a780       0x20 build/M3508_Motor.o
                0x0800a780                M3508_Fric_Wheel_Send_Data
 .text.Check_M3508_Chassis
                0x0800a7a0       0x3c build/M3508_Motor.o
                0x0800a7a0                Check_M3508_Chassis
 .text.Check_M3508_Fric_Wheel
                0x0800a7dc       0x3c build/M3508_Motor.o
                0x0800a7dc                Check_M3508_Fric_Wheel
 .text.MF9025_Chassis_Send_Data
                0x0800a818       0x68 build/MF9025_Motor.o
                0x0800a818                MF9025_Chassis_Send_Data
 .text.Check_MF9025_Chassis
                0x0800a880       0x4c build/MF9025_Motor.o
                0x0800a880                Check_MF9025_Chassis
 .text.MF9025_Chassis_Get_Data
                0x0800a8cc      0x248 build/MF9025_Motor.o
                0x0800a8cc                MF9025_Chassis_Get_Data
 .text.Referee_Set_Robot_State
                0x0800ab14       0xe8 build/Referee_System.o
                0x0800ab14                Referee_Set_Robot_State
 .text.Referee_System_Handler
                0x0800abfc       0x5c build/Referee_System.o
                0x0800abfc                Referee_System_Handler
 .text.Referee_Get_Data
                0x0800ac58      0x318 build/Referee_System.o
                0x0800ac58                Referee_Get_Data
 .text.Referee_UART_Receive_DMA_No_Interrupt
                0x0800af70       0x42 build/Referee_System.o
                0x0800af70                Referee_UART_Receive_DMA_No_Interrupt
 .text.Referee_UART_Receive_Interrupt
                0x0800afb2       0x30 build/Referee_System.o
                0x0800afb2                Referee_UART_Receive_Interrupt
 *fill*         0x0800afe2        0x2 
 .text.Super_Capacitor_Get_Data
                0x0800afe4       0x80 build/Super_Capacitor.o
                0x0800afe4                Super_Capacitor_Get_Data
 .text.Super_Capacitor_Send_Data
                0x0800b064       0x18 build/Super_Capacitor.o
                0x0800b064                Super_Capacitor_Send_Data
 .text.Check_Super_Capacitor
                0x0800b07c       0x20 build/Super_Capacitor.o
                0x0800b07c                Check_Super_Capacitor
 .text.Expert_PID_LQR_Combined
                0x0800b09c      0x27c build/Control_Strategy.o
                0x0800b09c                Expert_PID_LQR_Combined
 .text.Clear_PID_Data
                0x0800b318       0x20 build/PID.o
                0x0800b318                Clear_PID_Data
 .text.Positional_PID
                0x0800b338       0x82 build/PID.o
                0x0800b338                Positional_PID
 .text.Incremental_PID
                0x0800b3ba       0x92 build/PID.o
                0x0800b3ba                Incremental_PID
 .text.Ramp_Up  0x0800b44c       0x36 build/Ramp_Calc.o
                0x0800b44c                Ramp_Up
 .text.Ramp_Down
                0x0800b482       0x2c build/Ramp_Calc.o
                0x0800b482                Ramp_Down
 .text.Clear_Ramp
                0x0800b4ae        0xa build/Ramp_Calc.o
                0x0800b4ae                Clear_Ramp
 .text.VAL_LIMIT
                0x0800b4b8       0x28 build/User_Defined_Math.o
                0x0800b4b8                VAL_LIMIT
 .text.Find_Gimbal_Min_Angle
                0x0800b4e0       0x3c build/User_Defined_Math.o
                0x0800b4e0                Find_Gimbal_Min_Angle
 .text.Chassis_Get_Data
                0x0800b51c      0x178 build/Chassis_Control.o
                0x0800b51c                Chassis_Get_Data
 .text.Chassis_State_Update
                0x0800b694      0x1f8 build/Chassis_Control.o
                0x0800b694                Chassis_State_Update
 .text.Chassis_Processing
                0x0800b88c      0x6cc build/Chassis_Control.o
                0x0800b88c                Chassis_Processing
 .text.Gimbal_Init
                0x0800bf58       0x20 build/Gimbal_Control.o
                0x0800bf58                Gimbal_Init
 .text.Gimbal_Processing
                0x0800bf78      0x204 build/Gimbal_Control.o
                0x0800bf78                Gimbal_Processing
 .text.Gimbal_Control_Get_Data
                0x0800c17c      0x198 build/Gimbal_Control.o
                0x0800c17c                Gimbal_Control_Get_Data
 .text.Board_A_IMU_Temp_Control
                0x0800c314       0x40 build/IMU_Temp_Control.o
                0x0800c314                Board_A_IMU_Temp_Control
 .text.Board_A_IMU_Temp_Control_Init
                0x0800c354       0x10 build/IMU_Temp_Control.o
                0x0800c354                Board_A_IMU_Temp_Control_Init
 .text.Robot_Control_Start
                0x0800c364       0x78 build/Robot_Control.o
                0x0800c364                Robot_Control_Start
 .text.Robot_Control_Send
                0x0800c3dc       0x68 build/Robot_Control.o
                0x0800c3dc                Robot_Control_Send
 .text.Robot_Control_Disabled
                0x0800c444       0x18 build/Robot_Control.o
                0x0800c444                Robot_Control_Disabled
 .text.Shooting_Init
                0x0800c45c       0x20 build/Shooting_Control.o
                0x0800c45c                Shooting_Init
 .text.Trigger_Get_Data
                0x0800c47c       0x78 build/Shooting_Control.o
                0x0800c47c                Trigger_Get_Data
 .text.Shooting_Disabled
                0x0800c4f4       0x2c build/Shooting_Control.o
                0x0800c4f4                Shooting_Disabled
 .text.Turn_Friction_Wheel_On
                0x0800c520       0xa0 build/Shooting_Control.o
                0x0800c520                Turn_Friction_Wheel_On
 .text.Turn_Friction_Wheel_Off
                0x0800c5c0       0x9c build/Shooting_Control.o
                0x0800c5c0                Turn_Friction_Wheel_Off
 .text.Shooting_Processing
                0x0800c65c      0x1d0 build/Shooting_Control.o
                0x0800c65c                Shooting_Processing
 .text.UI_Initialization
                0x0800c82c       0x30 build/User_Interface.o
                0x0800c82c                UI_Initialization
 .text.UI_Add_Frame_And_Data_Header_OneGraphics
                0x0800c85c       0x48 build/User_Interface.o
                0x0800c85c                UI_Add_Frame_And_Data_Header_OneGraphics
 .text.UI_Add_OneGraphics
                0x0800c8a4       0x28 build/User_Interface.o
                0x0800c8a4                UI_Add_OneGraphics
 .text.UI_Add_Frame_Tail_OneGraphics
                0x0800c8cc       0x10 build/User_Interface.o
                0x0800c8cc                UI_Add_Frame_Tail_OneGraphics
 .text.UI_GuidingSystem
                0x0800c8dc      0x174 build/User_Interface.o
                0x0800c8dc                UI_GuidingSystem
 .text.UI_AimingSystem
                0x0800ca50      0x4ac build/User_Interface.o
                0x0800ca50                UI_AimingSystem
 .text.UI_Add_Frame_And_Data_Header_Character
                0x0800cefc       0x48 build/User_Interface.o
                0x0800cefc                UI_Add_Frame_And_Data_Header_Character
 .text.UI_Add_Character
                0x0800cf44       0x36 build/User_Interface.o
                0x0800cf44                UI_Add_Character
 *fill*         0x0800cf7a        0x2 
 .text.UI_Add_Frame_Tail_Character
                0x0800cf7c       0x10 build/User_Interface.o
                0x0800cf7c                UI_Add_Frame_Tail_Character
 .text.UI_StateText_Update
                0x0800cf8c      0x100 build/User_Interface.o
                0x0800cf8c                UI_StateText_Update
 .text.UI_AutoText_Update
                0x0800d08c      0x100 build/User_Interface.o
                0x0800d08c                UI_AutoText_Update
 .text.UI_TextSystem_Init
                0x0800d18c      0x3b4 build/User_Interface.o
                0x0800d18c                UI_TextSystem_Init
 .text.Computer_Update
                0x0800d540      0x10c build/State_Machine.o
                0x0800d540                Computer_Update
 .text.Remote_Control_Update
                0x0800d64c       0xb4 build/State_Machine.o
                0x0800d64c                Remote_Control_Update
 .text.Check_CAN
                0x0800d700       0x34 build/CAN_Setup.o
                0x0800d700                Check_CAN
 .text.CAN_FILTER_Init
                0x0800d734       0x26 build/CAN_Setup.o
 *fill*         0x0800d75a        0x2 
 .text.CAN_IT_Init
                0x0800d75c       0x2c build/CAN_Setup.o
                0x0800d75c                CAN_IT_Init
 .text.CAN_RxMessage_Export_Data
                0x0800d788       0x80 build/CAN_Setup.o
                0x0800d788                CAN_RxMessage_Export_Data
 .text.CAN_SendData
                0x0800d808       0x32 build/CAN_Setup.o
                0x0800d808                CAN_SendData
 *fill*         0x0800d83a        0x2 
 .text.CAN_0x140_Send_Data
                0x0800d83c       0x5c build/CAN_Setup.o
                0x0800d83c                CAN_0x140_Send_Data
 .text.CAN_0x1FF_Send_Data
                0x0800d898       0x54 build/CAN_Setup.o
                0x0800d898                CAN_0x1FF_Send_Data
 .text.CAN_0x200_Send_Data
                0x0800d8ec       0x54 build/CAN_Setup.o
                0x0800d8ec                CAN_0x200_Send_Data
 .text.CAN_0x2FF_Send_Data
                0x0800d940       0x54 build/CAN_Setup.o
                0x0800d940                CAN_0x2FF_Send_Data
 .text.CAN_0x210_Send_Data
                0x0800d994       0x2c build/CAN_Setup.o
                0x0800d994                CAN_0x210_Send_Data
 .text.Get_CRC8_Check_Sum
                0x0800d9c0       0x20 build/CRC_Verification.o
                0x0800d9c0                Get_CRC8_Check_Sum
 .text.Verify_CRC8_Check_Sum
                0x0800d9e0       0x28 build/CRC_Verification.o
                0x0800d9e0                Verify_CRC8_Check_Sum
 .text.Append_CRC8_Check_Sum
                0x0800da08       0x1a build/CRC_Verification.o
                0x0800da08                Append_CRC8_Check_Sum
 *fill*         0x0800da22        0x2 
 .text.Get_CRC16_Check_Sum
                0x0800da24       0x38 build/CRC_Verification.o
                0x0800da24                Get_CRC16_Check_Sum
 .text.Verify_CRC16_Check_Sum
                0x0800da5c       0x48 build/CRC_Verification.o
                0x0800da5c                Verify_CRC16_Check_Sum
 .text.Append_CRC16_Check_Sum
                0x0800daa4       0x2c build/CRC_Verification.o
                0x0800daa4                Append_CRC16_Check_Sum
 .text.FusionVectorCrossProduct
                0x0800dad0       0x66 build/FusionAhrs.o
 .text.FusionVectorMagnitudeSquared
                0x0800db36       0x44 build/FusionAhrs.o
 *fill*         0x0800db7a        0x2 
 .text.FusionVectorNormalise
                0x0800db7c       0x9c build/FusionAhrs.o
 .text.FusionQuaternionMultiply
                0x0800dc18       0xc2 build/FusionAhrs.o
 .text.FusionQuaternionMultiplyVector
                0x0800dcda       0x9e build/FusionAhrs.o
 .text.FusionQuaternionNormalise
                0x0800dd78       0xa4 build/FusionAhrs.o
 .text.FusionAhrsReset
                0x0800de1c       0x48 build/FusionAhrs.o
                0x0800de1c                FusionAhrsReset
 .text.FusionAhrsSetSettings
                0x0800de64       0xb4 build/FusionAhrs.o
                0x0800de64                FusionAhrsSetSettings
 .text.FusionAhrsInitialise
                0x0800df18       0x28 build/FusionAhrs.o
                0x0800df18                FusionAhrsInitialise
 .text.FusionAhrsGetQuaternion
                0x0800df40       0x22 build/FusionAhrs.o
                0x0800df40                FusionAhrsGetQuaternion
 *fill*         0x0800df62        0x2 
 .text.FusionAhrsSetHeading
                0x0800df64       0xc0 build/FusionAhrs.o
                0x0800df64                FusionAhrsSetHeading
 .text.FusionAhrsUpdate
                0x0800e024      0x4d4 build/FusionAhrs.o
                0x0800e024                FusionAhrsUpdate
 .text.FusionAhrsUpdateNoMagnetometer
                0x0800e4f8       0x60 build/FusionAhrs.o
                0x0800e4f8                FusionAhrsUpdateNoMagnetometer
 .text.FusionVectorCrossProduct
                0x0800e558       0x66 build/FusionCompass.o
 .text.FusionVectorMagnitudeSquared
                0x0800e5be       0x44 build/FusionCompass.o
 *fill*         0x0800e602        0x2 
 .text.FusionVectorNormalise
                0x0800e604       0x9c build/FusionCompass.o
 .text.FusionCompassCalculateHeading
                0x0800e6a0       0xa0 build/FusionCompass.o
                0x0800e6a0                FusionCompassCalculateHeading
 .text.Reset_Handler
                0x0800e740       0x50 build/startup_stm32f427xx.o
                0x0800e740                Reset_Handler
 .text.Default_Handler
                0x0800e790        0x2 build/startup_stm32f427xx.o
                0x0800e790                RTC_Alarm_IRQHandler
                0x0800e790                HASH_RNG_IRQHandler
                0x0800e790                EXTI2_IRQHandler
                0x0800e790                TIM8_CC_IRQHandler
                0x0800e790                UART8_IRQHandler
                0x0800e790                SPI4_IRQHandler
                0x0800e790                TIM1_CC_IRQHandler
                0x0800e790                DMA2_Stream5_IRQHandler
                0x0800e790                DMA1_Stream5_IRQHandler
                0x0800e790                PVD_IRQHandler
                0x0800e790                SDIO_IRQHandler
                0x0800e790                TAMP_STAMP_IRQHandler
                0x0800e790                CAN2_RX1_IRQHandler
                0x0800e790                EXTI3_IRQHandler
                0x0800e790                TIM8_TRG_COM_TIM14_IRQHandler
                0x0800e790                TIM1_UP_TIM10_IRQHandler
                0x0800e790                TIM8_UP_TIM13_IRQHandler
                0x0800e790                I2C3_ER_IRQHandler
                0x0800e790                EXTI0_IRQHandler
                0x0800e790                I2C2_EV_IRQHandler
                0x0800e790                DMA1_Stream2_IRQHandler
                0x0800e790                FPU_IRQHandler
                0x0800e790                OTG_HS_WKUP_IRQHandler
                0x0800e790                CAN2_SCE_IRQHandler
                0x0800e790                SPI1_IRQHandler
                0x0800e790                TIM1_BRK_TIM9_IRQHandler
                0x0800e790                DCMI_IRQHandler
                0x0800e790                DMA2_Stream3_IRQHandler
                0x0800e790                USART3_IRQHandler
                0x0800e790                CAN1_RX1_IRQHandler
                0x0800e790                UART5_IRQHandler
                0x0800e790                DMA2_Stream0_IRQHandler
                0x0800e790                TIM4_IRQHandler
                0x0800e790                I2C1_EV_IRQHandler
                0x0800e790                DMA1_Stream1_IRQHandler
                0x0800e790                UART4_IRQHandler
                0x0800e790                TIM3_IRQHandler
                0x0800e790                RCC_IRQHandler
                0x0800e790                TIM8_BRK_TIM12_IRQHandler
                0x0800e790                Default_Handler
                0x0800e790                EXTI15_10_IRQHandler
                0x0800e790                ADC_IRQHandler
                0x0800e790                DMA1_Stream7_IRQHandler
                0x0800e790                SPI5_IRQHandler
                0x0800e790                TIM7_IRQHandler
                0x0800e790                CAN2_TX_IRQHandler
                0x0800e790                TIM5_IRQHandler
                0x0800e790                DMA2_Stream7_IRQHandler
                0x0800e790                I2C3_EV_IRQHandler
                0x0800e790                EXTI9_5_IRQHandler
                0x0800e790                RTC_WKUP_IRQHandler
                0x0800e790                ETH_WKUP_IRQHandler
                0x0800e790                SPI2_IRQHandler
                0x0800e790                OTG_HS_EP1_IN_IRQHandler
                0x0800e790                CAN1_TX_IRQHandler
                0x0800e790                EXTI4_IRQHandler
                0x0800e790                ETH_IRQHandler
                0x0800e790                OTG_HS_EP1_OUT_IRQHandler
                0x0800e790                WWDG_IRQHandler
                0x0800e790                SPI6_IRQHandler
                0x0800e790                TIM2_IRQHandler
                0x0800e790                OTG_FS_WKUP_IRQHandler
                0x0800e790                TIM1_TRG_COM_TIM11_IRQHandler
                0x0800e790                OTG_HS_IRQHandler
                0x0800e790                DMA2D_IRQHandler
                0x0800e790                EXTI1_IRQHandler
                0x0800e790                USART2_IRQHandler
                0x0800e790                I2C2_ER_IRQHandler
                0x0800e790                CAN1_SCE_IRQHandler
                0x0800e790                FLASH_IRQHandler
                0x0800e790                DMA2_Stream4_IRQHandler
                0x0800e790                OTG_FS_IRQHandler
                0x0800e790                SPI3_IRQHandler
                0x0800e790                DMA1_Stream4_IRQHandler
                0x0800e790                I2C1_ER_IRQHandler
                0x0800e790                FMC_IRQHandler
                0x0800e790                DMA2_Stream6_IRQHandler
                0x0800e790                SAI1_IRQHandler
 .text.__udivmoddi4
                0x0800e792      0x2a0 c:/msys64/mingw64/bin/../lib/gcc/arm-none-eabi/12.2.0/thumb/v7e-m+fp/hard\libgcc.a(_udivmoddi4.o)
                0x0800e792                __udivmoddi4
 *(.glue_7)
 .glue_7        0x0800ea32        0x0 linker stubs
 *(.glue_7t)
 .glue_7t       0x0800ea32        0x0 linker stubs
 *(.eh_frame)
 *fill*         0x0800ea32        0x2 
 .eh_frame      0x0800ea34        0x0 c:/msys64/mingw64/bin/../lib/gcc/arm-none-eabi/12.2.0/thumb/v7e-m+fp/hard/crtbegin.o
 *(.init)
 .init          0x0800ea34        0x4 c:/msys64/mingw64/bin/../lib/gcc/arm-none-eabi/12.2.0/thumb/v7e-m+fp/hard/crti.o
                0x0800ea34                _init
 .init          0x0800ea38        0x8 c:/msys64/mingw64/bin/../lib/gcc/arm-none-eabi/12.2.0/thumb/v7e-m+fp/hard/crtn.o
 *(.fini)
 .fini          0x0800ea40        0x4 c:/msys64/mingw64/bin/../lib/gcc/arm-none-eabi/12.2.0/thumb/v7e-m+fp/hard/crti.o
                0x0800ea40                _fini
 .fini          0x0800ea44        0x8 c:/msys64/mingw64/bin/../lib/gcc/arm-none-eabi/12.2.0/thumb/v7e-m+fp/hard/crtn.o
                0x0800ea4c                        . = ALIGN (0x4)
                0x0800ea4c                        _etext = .

.vfp11_veneer   0x0800ea4c        0x0
 .vfp11_veneer  0x0800ea4c        0x0 linker stubs

.v4_bx          0x0800ea4c        0x0
 .v4_bx         0x0800ea4c        0x0 linker stubs

.iplt           0x0800ea4c        0x0
 .iplt          0x0800ea4c        0x0 c:/msys64/mingw64/bin/../lib/gcc/arm-none-eabi/12.2.0/thumb/v7e-m+fp/hard/crtbegin.o

.rodata         0x0800ea4c      0x920
                0x0800ea4c                        . = ALIGN (0x4)
 *(.rodata)
 .rodata        0x0800ea4c       0xf0 build/freertos.o
 .rodata        0x0800eb3c       0x10 build/FusionAhrs.o
 .rodata        0x0800eb4c       0x18 c:/msys64/mingw64/bin/../lib/gcc/arm-none-eabi/12.2.0/../../../../arm-none-eabi/lib/thumb/v7e-m+fp/hard\libm.a(libm_a-ef_atan2.o)
 .rodata        0x0800eb64      0x398 c:/msys64/mingw64/bin/../lib/gcc/arm-none-eabi/12.2.0/../../../../arm-none-eabi/lib/thumb/v7e-m+fp/hard\libm.a(libm_a-ef_rem_pio2.o)
 .rodata        0x0800eefc       0x20 c:/msys64/mingw64/bin/../lib/gcc/arm-none-eabi/12.2.0/../../../../arm-none-eabi/lib/thumb/v7e-m+fp/hard\libm.a(libm_a-sf_atan.o)
 .rodata        0x0800ef1c       0x38 c:/msys64/mingw64/bin/../lib/gcc/arm-none-eabi/12.2.0/../../../../arm-none-eabi/lib/thumb/v7e-m+fp/hard\libm.a(libm_a-kf_rem_pio2.o)
 *(.rodata*)
 .rodata.UI_Draw.str1.4
                0x0800ef54       0xf5 build/freertos.o
                                 0x21 (size before relaxing)
 .rodata.Serial_Send.str1.4
                0x0800f049        0xb build/freertos.o
 .rodata.str1.4
                0x0800f049       0x6d build/freertos.o
 *fill*         0x0800f049        0x3 
 .rodata.flagBitshiftOffset.0
                0x0800f04c        0x8 build/stm32f4xx_hal_dma.o
 .rodata.APBPrescTable
                0x0800f054        0x8 build/system_stm32f4xx.o
                0x0800f054                APBPrescTable
 .rodata.AHBPrescTable
                0x0800f05c       0x10 build/system_stm32f4xx.o
                0x0800f05c                AHBPrescTable
 .rodata.vTaskStartScheduler.str1.4
                0x0800f06c        0x5 build/tasks.o
 .rodata.UI_TextSystem_Init.str1.4
                0x0800f06c       0x12 build/User_Interface.o
 .rodata.wCRC_Table
                0x0800f06c      0x200 build/CRC_Verification.o
                0x0800f06c                wCRC_Table
 .rodata.CRC8_TAB
                0x0800f26c      0x100 build/CRC_Verification.o
                0x0800f26c                CRC8_TAB
 .rodata.str1.4
                0x0800f36c        0x1 c:/msys64/mingw64/bin/../lib/gcc/arm-none-eabi/12.2.0/../../../../arm-none-eabi/lib/thumb/v7e-m+fp/hard\libm.a(libm_a-wf_asin.o)
 .rodata.str1.4
                0x0800f36c       0x13 c:/msys64/mingw64/bin/../lib/gcc/arm-none-eabi/12.2.0/../../../../arm-none-eabi/lib/thumb/v7e-m+fp/hard\libc_nano.a(libc_a-nano-vfprintf.o)
 .rodata.str1.4
                0x0800f36c       0x25 c:/msys64/mingw64/bin/../lib/gcc/arm-none-eabi/12.2.0/../../../../arm-none-eabi/lib/thumb/v7e-m+fp/hard\libc_nano.a(libc_a-nano-vfprintf_i.o)
                0x0800f394                        . = ALIGN (0x4)

.ARM.extab
 *(.ARM.extab* .gnu.linkonce.armextab.*)

.ARM            0x0800f36c        0x8
                0x0800f36c                        __exidx_start = .
 *(.ARM.exidx*)
 .ARM.exidx     0x0800f36c        0x8 c:/msys64/mingw64/bin/../lib/gcc/arm-none-eabi/12.2.0/../../../../arm-none-eabi/lib/thumb/v7e-m+fp/hard\libc_nano.a(libc_a-memcpy.o)
 .ARM.exidx     0x0800f374        0x0 c:/msys64/mingw64/bin/../lib/gcc/arm-none-eabi/12.2.0/../../../../arm-none-eabi/lib/thumb/v7e-m+fp/hard\libc_nano.a(libc_a-memchr.o)
                                  0x8 (size before relaxing)
 .ARM.exidx.text.__udivmoddi4
                0x0800f374        0x0 c:/msys64/mingw64/bin/../lib/gcc/arm-none-eabi/12.2.0/thumb/v7e-m+fp/hard\libgcc.a(_udivmoddi4.o)
                                  0x8 (size before relaxing)
                0x0800f374                        __exidx_end = .

.rel.dyn        0x0800f374        0x0
 .rel.iplt      0x0800f374        0x0 c:/msys64/mingw64/bin/../lib/gcc/arm-none-eabi/12.2.0/thumb/v7e-m+fp/hard/crtbegin.o

.preinit_array  0x0800f374        0x0
                0x0800f374                        PROVIDE (__preinit_array_start = .)
 *(.preinit_array*)
                0x0800f374                        PROVIDE (__preinit_array_end = .)

.init_array     0x0800f374        0x4
                0x0800f374                        PROVIDE (__init_array_start = .)
 *(SORT_BY_NAME(.init_array.*))
 *(.init_array*)
 .init_array    0x0800f374        0x4 c:/msys64/mingw64/bin/../lib/gcc/arm-none-eabi/12.2.0/thumb/v7e-m+fp/hard/crtbegin.o
                0x0800f378                        PROVIDE (__init_array_end = .)

.fini_array     0x0800f378        0x4
                0x0800f378                        PROVIDE (__fini_array_start = .)
 *(SORT_BY_NAME(.fini_array.*))
 *(.fini_array*)
 .fini_array    0x0800f378        0x4 c:/msys64/mingw64/bin/../lib/gcc/arm-none-eabi/12.2.0/thumb/v7e-m+fp/hard/crtbegin.o
                0x0800f37c                        PROVIDE (__fini_array_end = .)
                0x0800f37c                        _sidata = LOADADDR (.data)

.data           0x20000000      0x3e0 load address 0x0800f37c
                0x20000000                        . = ALIGN (0x4)
                0x20000000                        _sdata = .
 *(.data)
 .data          0x20000000        0xc c:/msys64/mingw64/bin/../lib/gcc/arm-none-eabi/12.2.0/../../../../arm-none-eabi/lib/thumb/v7e-m+fp/hard\libc_nano.a(libc_a-findfp.o)
                0x20000000                __sglue
 .data          0x2000000c       0x50 c:/msys64/mingw64/bin/../lib/gcc/arm-none-eabi/12.2.0/../../../../arm-none-eabi/lib/thumb/v7e-m+fp/hard\libc_nano.a(libc_a-impure.o)
                0x2000000c                _impure_ptr
                0x20000010                _impure_data
 *(.data*)
 .data.uwTickFreq
                0x2000005c        0x1 build/stm32f4xx_hal.o
                0x2000005c                uwTickFreq
 *fill*         0x2000005d        0x3 
 .data.uwTickPrio
                0x20000060        0x4 build/stm32f4xx_hal.o
                0x20000060                uwTickPrio
 .data.SystemCoreClock
                0x20000064        0x4 build/system_stm32f4xx.o
                0x20000064                SystemCoreClock
 .data.uxCriticalNesting
                0x20000068        0x4 build/port.o
 .data.tx_buff  0x2000006c        0xe build/Board_A_IMU.o
 *fill*         0x2000007a        0x2 
 .data.Board_A_IMU_Func
                0x2000007c       0x14 build/Board_A_IMU.o
                0x2000007c                Board_A_IMU_Func
 .data.Buzzer_Func
                0x20000090       0x10 build/Buzzer.o
                0x20000090                Buzzer_Func
 .data.Control_Board_A_Func
                0x200000a0       0x10 build/Control_Board_A.o
                0x200000a0                Control_Board_A_Func
 .data.DR16_Func
                0x200000b0       0x1c build/DR16_Remote.o
                0x200000b0                DR16_Func
 .data.GM6020_Func
                0x200000cc       0x14 build/GM6020_Motor.o
                0x200000cc                GM6020_Func
 .data.Tx2_Func
                0x200000e0        0xc build/Jetson_Tx2.o
                0x200000e0                Tx2_Func
 .data.M2006_Func
                0x200000ec        0xc build/M2006_Motor.o
                0x200000ec                M2006_Func
 .data.M3508_Func
                0x200000f8       0x18 build/M3508_Motor.o
                0x200000f8                M3508_Func
 .data.MF9025_Func
                0x20000110        0xc build/MF9025_Motor.o
                0x20000110                MF9025_Func
 .data.Referee_System_Func
                0x2000011c       0x10 build/Referee_System.o
                0x2000011c                Referee_System_Func
 .data.Super_Capacitor_Func
                0x2000012c        0xc build/Super_Capacitor.o
                0x2000012c                Super_Capacitor_Func
 .data.LQR_K_Matrix
                0x20000138       0x10 build/Control_Strategy.o
                0x20000138                LQR_K_Matrix
 .data.Control_Strategy_Func
                0x20000148        0x4 build/Control_Strategy.o
                0x20000148                Control_Strategy_Func
 .data.PID_Func
                0x2000014c        0xc build/PID.o
                0x2000014c                PID_Func
 .data.Trigger_Speed_PID
                0x20000158       0x38 build/PID.o
                0x20000158                Trigger_Speed_PID
 .data.Trigger_Angle_PID
                0x20000190       0x38 build/PID.o
                0x20000190                Trigger_Angle_PID
 .data.Pitch_Speed_PID
                0x200001c8       0x38 build/PID.o
                0x200001c8                Pitch_Speed_PID
 .data.Pitch_Angle_PID
                0x20000200       0x38 build/PID.o
                0x20000200                Pitch_Angle_PID
 .data.Yaw_Angle_PID
                0x20000238       0x38 build/PID.o
                0x20000238                Yaw_Angle_PID
 .data.Chassis_Speed_PID
                0x20000270       0x38 build/PID.o
                0x20000270                Chassis_Speed_PID
 .data.Chassis_Turning_PID
                0x200002a8       0x38 build/PID.o
                0x200002a8                Chassis_Turning_PID
 .data.Chassis_Angle_PID
                0x200002e0       0x38 build/PID.o
                0x200002e0                Chassis_Angle_PID
 .data.Fric_Wheel_PID
                0x20000318       0x38 build/PID.o
                0x20000318                Fric_Wheel_PID
 .data.Ramp_Calc_Func
                0x20000350        0xc build/Ramp_Calc.o
                0x20000350                Ramp_Calc_Func
 .data.Chassis_Func
                0x2000035c        0xc build/Chassis_Control.o
                0x2000035c                Chassis_Func
 .data.Gimbal_Func
                0x20000368        0xc build/Gimbal_Control.o
                0x20000368                Gimbal_Func
 .data.IMU_Temp_Control_Func
                0x20000374        0x8 build/IMU_Temp_Control.o
                0x20000374                IMU_Temp_Control_Func
 .data.Robot_Control_Func
                0x2000037c        0xc build/Robot_Control.o
                0x2000037c                Robot_Control_Func
 .data.Shooting_Func
                0x20000388       0x10 build/Shooting_Control.o
                0x20000388                Shooting_Func
 .data.State_Machine_Func
                0x20000398        0x4 build/State_Machine.o
                0x20000398                State_Machine_Func
 .data.Monitor_CAN
                0x2000039c        0x8 build/CAN_Setup.o
                0x2000039c                Monitor_CAN
 .data.CAN_Func
                0x200003a4       0x20 build/CAN_Setup.o
                0x200003a4                CAN_Func
 .data.CRC_INIT
                0x200003c4        0x2 build/CRC_Verification.o
                0x200003c4                CRC_INIT
 *fill*         0x200003c6        0x2 
 .data.CRC_Verif_Func
                0x200003c8       0x18 build/CRC_Verification.o
                0x200003c8                CRC_Verif_Func
                0x200003e0                        . = ALIGN (0x4)
                0x200003e0                        _edata = .
                0x0800f75c                        _siccmram = LOADADDR (.ccmram)

.igot.plt       0x200003e0        0x0 load address 0x0800f75c
 .igot.plt      0x200003e0        0x0 c:/msys64/mingw64/bin/../lib/gcc/arm-none-eabi/12.2.0/thumb/v7e-m+fp/hard/crtbegin.o

.ccmram         0x10000000        0x0 load address 0x0800f75c
                0x10000000                        . = ALIGN (0x4)
                0x10000000                        _sccmram = .
 *(.ccmram)
 *(.ccmram*)
                0x10000000                        . = ALIGN (0x4)
                0x10000000                        _eccmram = .
                0x10000000                        . = ALIGN (0x4)

.bss            0x200003e0     0x6100
                0x200003e0                        _sbss = .
                0x200003e0                        __bss_start__ = _sbss
 *(.bss)
 .bss           0x200003e0      0x13c c:/msys64/mingw64/bin/../lib/gcc/arm-none-eabi/12.2.0/../../../../arm-none-eabi/lib/thumb/v7e-m+fp/hard\libc_nano.a(libc_a-findfp.o)
                0x200003e0                __sf
                0x20000518                __stdio_exit_handler
 .bss           0x2000051c        0x4 c:/msys64/mingw64/bin/../lib/gcc/arm-none-eabi/12.2.0/../../../../arm-none-eabi/lib/thumb/v7e-m+fp/hard\libc_nano.a(libc_a-reent.o)
                0x2000051c                errno
 .bss           0x20000520       0x1d c:/msys64/mingw64/bin/../lib/gcc/arm-none-eabi/12.2.0/../../../../arm-none-eabi/lib/thumb/v7e-m+fp/hard\libc_nano.a(libc_a-lock.o)
                0x20000520                __lock___arc4random_mutex
                0x20000524                __lock___dd_hash_mutex
                0x20000528                __lock___tz_mutex
                0x2000052c                __lock___env_recursive_mutex
                0x20000530                __lock___malloc_recursive_mutex
                0x20000534                __lock___at_quick_exit_mutex
                0x20000538                __lock___atexit_recursive_mutex
                0x2000053c                __lock___sfp_recursive_mutex
 *fill*         0x2000053d        0x3 
 .bss           0x20000540        0x8 c:/msys64/mingw64/bin/../lib/gcc/arm-none-eabi/12.2.0/../../../../arm-none-eabi/lib/thumb/v7e-m+fp/hard\libc_nano.a(libc_a-mallocr.o)
                0x20000540                __malloc_sbrk_start
                0x20000544                __malloc_free_list
 *(.bss*)
 .bss.completed.1
                0x20000548        0x1 c:/msys64/mingw64/bin/../lib/gcc/arm-none-eabi/12.2.0/thumb/v7e-m+fp/hard/crtbegin.o
 *fill*         0x20000549        0x3 
 .bss.object.0  0x2000054c       0x18 c:/msys64/mingw64/bin/../lib/gcc/arm-none-eabi/12.2.0/thumb/v7e-m+fp/hard/crtbegin.o
 .bss.xIdleStack
                0x20000564      0x200 build/freertos.o
 .bss.xIdleTaskTCBBuffer
                0x20000764       0x54 build/freertos.o
 .bss.CAN2_ReceiveHandle
                0x200007b8        0x4 build/freertos.o
                0x200007b8                CAN2_ReceiveHandle
 .bss.CAN1_ReceiveHandle
                0x200007bc        0x4 build/freertos.o
                0x200007bc                CAN1_ReceiveHandle
 .bss.CAN_SendHandle
                0x200007c0        0x4 build/freertos.o
                0x200007c0                CAN_SendHandle
 .bss.Task_SerialHandle
                0x200007c4        0x4 build/freertos.o
                0x200007c4                Task_SerialHandle
 .bss.Task_UIHandle
                0x200007c8        0x4 build/freertos.o
                0x200007c8                Task_UIHandle
 .bss.Robot_ControlHandle
                0x200007cc        0x4 build/freertos.o
                0x200007cc                Robot_ControlHandle
 .bss.Task_CAN2_ReceiHandle
                0x200007d0        0x4 build/freertos.o
                0x200007d0                Task_CAN2_ReceiHandle
 .bss.Task_CAN1_ReceiHandle
                0x200007d4        0x4 build/freertos.o
                0x200007d4                Task_CAN1_ReceiHandle
 .bss.Task_CAN_SendHandle
                0x200007d8        0x4 build/freertos.o
                0x200007d8                Task_CAN_SendHandle
 .bss.InitializationHandle
                0x200007dc        0x4 build/freertos.o
                0x200007dc                InitializationHandle
 .bss.Task_IMUHandle
                0x200007e0        0x4 build/freertos.o
                0x200007e0                Task_IMUHandle
 .bss.HAL_RCC_CAN1_CLK_ENABLED
                0x200007e4        0x4 build/can.o
 .bss.hcan2     0x200007e8       0x28 build/can.o
                0x200007e8                hcan2
 .bss.hcan1     0x20000810       0x28 build/can.o
                0x20000810                hcan1
 .bss.hi2c2     0x20000838       0x54 build/i2c.o
                0x20000838                hi2c2
 .bss.hspi5     0x2000088c       0x58 build/spi.o
                0x2000088c                hspi5
 .bss.htim12    0x200008e4       0x48 build/tim.o
                0x200008e4                htim12
 .bss.htim3     0x2000092c       0x48 build/tim.o
                0x2000092c                htim3
 .bss.hdma_usart6_rx
                0x20000974       0x60 build/usart.o
                0x20000974                hdma_usart6_rx
 .bss.hdma_usart1_rx
                0x200009d4       0x60 build/usart.o
                0x200009d4                hdma_usart1_rx
 .bss.hdma_uart8_tx
                0x20000a34       0x60 build/usart.o
                0x20000a34                hdma_uart8_tx
 .bss.hdma_uart8_rx
                0x20000a94       0x60 build/usart.o
                0x20000a94                hdma_uart8_rx
 .bss.hdma_uart7_rx
                0x20000af4       0x60 build/usart.o
                0x20000af4                hdma_uart7_rx
 .bss.huart6    0x20000b54       0x44 build/usart.o
                0x20000b54                huart6
 .bss.huart1    0x20000b98       0x44 build/usart.o
                0x20000b98                huart1
 .bss.huart8    0x20000bdc       0x44 build/usart.o
                0x20000bdc                huart8
 .bss.huart7    0x20000c20       0x44 build/usart.o
                0x20000c20                huart7
 .bss.huart4    0x20000c64       0x44 build/usart.o
                0x20000c64                huart4
 .bss.htim6     0x20000ca8       0x48 build/stm32f4xx_hal_timebase_tim.o
                0x20000ca8                htim6
 .bss.heap_end.0
                0x20000cf0        0x4 build/syscalls.o
 .bss.uwTick    0x20000cf4        0x4 build/stm32f4xx_hal.o
                0x20000cf4                uwTick
 .bss.uxSchedulerSuspended
                0x20000cf8        0x4 build/tasks.o
 .bss.xIdleTaskHandle
                0x20000cfc        0x4 build/tasks.o
 .bss.xNextTaskUnblockTime
                0x20000d00        0x4 build/tasks.o
 .bss.uxTaskNumber
                0x20000d04        0x4 build/tasks.o
 .bss.xNumOfOverflows
                0x20000d08        0x4 build/tasks.o
 .bss.xYieldPending
                0x20000d0c        0x4 build/tasks.o
 .bss.xPendedTicks
                0x20000d10        0x4 build/tasks.o
 .bss.xSchedulerRunning
                0x20000d14        0x4 build/tasks.o
 .bss.uxTopReadyPriority
                0x20000d18        0x4 build/tasks.o
 .bss.xTickCount
                0x20000d1c        0x4 build/tasks.o
 .bss.uxCurrentNumberOfTasks
                0x20000d20        0x4 build/tasks.o
 .bss.xSuspendedTaskList
                0x20000d24       0x14 build/tasks.o
 .bss.uxDeletedTasksWaitingCleanUp
                0x20000d38        0x4 build/tasks.o
 .bss.xTasksWaitingTermination
                0x20000d3c       0x14 build/tasks.o
 .bss.xPendingReadyList
                0x20000d50       0x14 build/tasks.o
 .bss.pxOverflowDelayedTaskList
                0x20000d64        0x4 build/tasks.o
 .bss.pxDelayedTaskList
                0x20000d68        0x4 build/tasks.o
 .bss.xDelayedTaskList2
                0x20000d6c       0x14 build/tasks.o
 .bss.xDelayedTaskList1
                0x20000d80       0x14 build/tasks.o
 .bss.pxReadyTasksLists
                0x20000d94       0x8c build/tasks.o
 .bss.pxCurrentTCB
                0x20000e20        0x4 build/tasks.o
                0x20000e20                pxCurrentTCB
 .bss.xBlockAllocatedBit
                0x20000e24        0x4 build/heap_4.o
 .bss.xNumberOfSuccessfulFrees
                0x20000e28        0x4 build/heap_4.o
 .bss.xNumberOfSuccessfulAllocations
                0x20000e2c        0x4 build/heap_4.o
 .bss.xMinimumEverFreeBytesRemaining
                0x20000e30        0x4 build/heap_4.o
 .bss.xFreeBytesRemaining
                0x20000e34        0x4 build/heap_4.o
 .bss.pxEnd     0x20000e38        0x4 build/heap_4.o
 .bss.xStart    0x20000e3c        0x8 build/heap_4.o
 .bss.ucHeap    0x20000e44     0x4e20 build/heap_4.o
 .bss.ulMaxPRIGROUPValue
                0x20005c64        0x4 build/port.o
 .bss.ucMaxSysCallPriority
                0x20005c68        0x1 build/port.o
 .bss.rx        0x20005c69        0x1 build/Board_A_IMU.o
 .bss.tx        0x20005c6a        0x1 build/Board_A_IMU.o
 *fill*         0x20005c6b        0x1 
 .bss.Board_A_IMU_AHRS
                0x20005c6c       0x64 build/Board_A_IMU.o
                0x20005c6c                Board_A_IMU_AHRS
 .bss.Board_A_IMU
                0x20005cd0       0x8c build/Board_A_IMU.o
                0x20005cd0                Board_A_IMU
 .bss.Control_Board_A
                0x20005d5c       0x8c build/Control_Board_A.o
                0x20005d5c                Control_Board_A
 .bss.DR16_Export_Data
                0x20005de8       0x82 build/DR16_Remote.o
                0x20005de8                DR16_Export_Data
 *fill*         0x20005e6a        0x2 
 .bss.GM6020_Pitch
                0x20005e6c       0x20 build/GM6020_Motor.o
                0x20005e6c                GM6020_Pitch
 .bss.GM6020_Yaw
                0x20005e8c       0x20 build/GM6020_Motor.o
                0x20005e8c                GM6020_Yaw
 .bss.Tx2_Data  0x20005eac       0x68 build/Jetson_Tx2.o
                0x20005eac                Tx2_Data
 .bss.M2006_Trigger
                0x20005f14       0x20 build/M2006_Motor.o
                0x20005f14                M2006_Trigger
 .bss.M3508_Fric_Wheel
                0x20005f34       0x40 build/M3508_Motor.o
                0x20005f34                M3508_Fric_Wheel
 .bss.M3508_Chassis
                0x20005f74       0x40 build/M3508_Motor.o
                0x20005f74                M3508_Chassis
 .bss.MF9025_Chassis
                0x20005fb4       0x70 build/MF9025_Motor.o
                0x20005fb4                MF9025_Chassis
 .bss.Referee_Robot_State
                0x20006024       0x1c build/Referee_System.o
                0x20006024                Referee_Robot_State
 .bss.Referee_System
                0x20006040      0x212 build/Referee_System.o
                0x20006040                Referee_System
 *fill*         0x20006252        0x2 
 .bss.Super_Capacitor
                0x20006254       0x20 build/Super_Capacitor.o
                0x20006254                Super_Capacitor
 .bss.Chassis   0x20006274       0x9c build/Chassis_Control.o
                0x20006274                Chassis
 .bss.Gimbal    0x20006310       0x24 build/Gimbal_Control.o
                0x20006310                Gimbal
 .bss.Fric_Wheel_Ramp
                0x20006334        0x8 build/Shooting_Control.o
                0x20006334                Fric_Wheel_Ramp
 .bss.Shooting  0x2000633c       0x14 build/Shooting_Control.o